../Core/Src/main.c:90:5:main	8	static
../Core/Src/main.c:145:6:SystemClock_Config	96	static
../Core/Src/main.c:197:13:MX_CRC_Init	8	static
../Core/Src/main.c:228:13:MX_I2C1_Init	8	static
../Core/Src/main.c:276:13:MX_SAI1_Init	8	static
../Core/Src/main.c:329:13:MX_SDMMC1_SD_Init	8	static
../Core/Src/main.c:361:13:MX_SPI2_Init	8	static
../Core/Src/main.c:401:13:MX_USART2_UART_Init	8	static
../Core/Src/main.c:449:13:MX_USART3_UART_Init	8	static
../Core/Src/main.c:497:13:MX_USB_OTG_FS_PCD_Init	8	static
../Core/Src/main.c:528:13:MX_FMC_Init	40	static
../Core/Src/main.c:588:13:MX_GPIO_Init	64	static
../Core/Src/main.c:808:6:Error_Handler	4	static,ignoring_inline_asm
