../Core/Src/main.c:90:5:main	1
../Core/Src/main.c:143:6:SystemClock_Config	4
../Core/Src/main.c:195:13:MX_CRC_Init	2
../Core/Src/main.c:226:13:MX_I2C1_Init	4
../Core/Src/main.c:274:13:MX_SAI1_Init	2
../Core/Src/main.c:327:13:MX_SDMMC1_SD_Init	2
../Core/Src/main.c:359:13:MX_SPI2_Init	2
../Core/Src/main.c:399:13:MX_USART2_UART_Init	5
../Core/Src/main.c:447:13:MX_USART3_UART_Init	5
../Core/Src/main.c:495:13:MX_USB_OTG_FS_PCD_Init	2
../Core/Src/main.c:525:13:MX_FMC_Init	2
../Core/Src/main.c:585:13:MX_GPIO_Init	1
../Core/Src/main.c:805:6:Error_Handler	1
