../Core/Src/main.c:90:5:main	8	static
../Core/Src/main.c:144:6:SystemClock_Config	96	static
../Core/Src/main.c:196:13:MX_CRC_Init	8	static
../Core/Src/main.c:227:13:MX_I2C1_Init	8	static
../Core/Src/main.c:275:13:MX_SAI1_Init	8	static
../Core/Src/main.c:328:13:MX_SDMMC1_SD_Init	8	static
../Core/Src/main.c:360:13:MX_SPI2_Init	8	static
../Core/Src/main.c:400:13:MX_USART2_UART_Init	8	static
../Core/Src/main.c:448:13:MX_USART3_UART_Init	8	static
../Core/Src/main.c:496:13:MX_USB_OTG_FS_PCD_Init	8	static
../Core/Src/main.c:526:13:MX_FMC_Init	40	static
../Core/Src/main.c:586:13:MX_GPIO_Init	64	static
../Core/Src/main.c:806:6:Error_Handler	4	static,ignoring_inline_asm
