../Core/Src/stm32l4xx_hal_msp.c:64:6:HAL_MspInit	8	static
../Core/Src/stm32l4xx_hal_msp.c:86:6:HAL_CRC_MspInit	8	static
../Core/Src/stm32l4xx_hal_msp.c:108:6:HAL_CRC_MspDeInit	0	static
../Core/Src/stm32l4xx_hal_msp.c:130:6:HAL_I2C_MspInit	216	static
../Core/Src/stm32l4xx_hal_msp.c:185:6:HAL_I2C_MspDeInit	8	static
../Core/Src/stm32l4xx_hal_msp.c:216:6:HAL_SD_MspInit	216	static
../Core/Src/stm32l4xx_hal_msp.c:276:6:HAL_SD_MspDeInit	8	static
../Core/Src/stm32l4xx_hal_msp.c:312:6:HAL_SPI_MspInit	48	static
../Core/Src/stm32l4xx_hal_msp.c:358:6:HAL_SPI_MspDeInit	8	static
../Core/Src/stm32l4xx_hal_msp.c:391:6:HAL_UART_MspInit	224	static
../Core/Src/stm32l4xx_hal_msp.c:484:6:HAL_UART_MspDeInit	8	static
../Core/Src/stm32l4xx_hal_msp.c:536:6:HAL_PCD_MspInit	208	static
../Core/Src/stm32l4xx_hal_msp.c:601:6:HAL_PCD_MspDeInit	16	static
../Core/Src/stm32l4xx_hal_msp.c:748:6:HAL_SRAM_MspInit	48	static
../Core/Src/stm32l4xx_hal_msp.c:842:6:HAL_SRAM_MspDeInit	8	static
../Core/Src/stm32l4xx_hal_msp.c:854:6:HAL_SAI_MspInit	200	static
../Core/Src/stm32l4xx_hal_msp.c:910:6:HAL_SAI_MspDeInit	8	static
