Archive member included to satisfy reference by file (symbol)

../Middlewares/ST/AI/Lib\NetworkRuntime810_CM4_GCC.a(ai_platform.o)
                              ./X-CUBE-AI/App/wine_quality.o (ai_buffer_array_item_set_address)
../Middlewares/ST/AI/Lib\NetworkRuntime810_CM4_GCC.a(ai_platform_interface.o)
                              ./X-CUBE-AI/App/wine_quality.o (ai_platform_get_weights_map)
../Middlewares/ST/AI/Lib\NetworkRuntime810_CM4_GCC.a(core_common.o)
                              ../Middlewares/ST/AI/Lib\NetworkRuntime810_CM4_GCC.a(ai_platform_interface.o) (core_init)
../Middlewares/ST/AI/Lib\NetworkRuntime810_CM4_GCC.a(core_mem_manager.o)
                              ../Middlewares/ST/AI/Lib\NetworkRuntime810_CM4_GCC.a(ai_platform_interface.o) (core_mem_alloc)
../Middlewares/ST/AI/Lib\NetworkRuntime810_CM4_GCC.a(layers.o)
                              ../Middlewares/ST/AI/Lib\NetworkRuntime810_CM4_GCC.a(ai_platform_interface.o) (ai_check_custom_types)
../Middlewares/ST/AI/Lib\NetworkRuntime810_CM4_GCC.a(layers_conv2d_generic_float.o)
                              ./X-CUBE-AI/App/wine_quality.o (forward_dense)
../Middlewares/ST/AI/Lib\NetworkRuntime810_CM4_GCC.a(layers_conv2d_stm32_integer.o)
                              ../Middlewares/ST/AI/Lib\NetworkRuntime810_CM4_GCC.a(layers.o) (get_conv2d_scratch_size)
../Middlewares/ST/AI/Lib\NetworkRuntime810_CM4_GCC.a(layers_nl_generic_float.o)
                              ./X-CUBE-AI/App/wine_quality.o (forward_tanh)
../Middlewares/ST/AI/Lib\NetworkRuntime810_CM4_GCC.a(forward_lite_conv2d_if32of32wf32.o)
                              ../Middlewares/ST/AI/Lib\NetworkRuntime810_CM4_GCC.a(layers_conv2d_generic_float.o) (forward_lite_conv2d_if32of32wf32)
../Middlewares/ST/AI/Lib\NetworkRuntime810_CM4_GCC.a(lite_dense_if32.o)
                              ../Middlewares/ST/AI/Lib\NetworkRuntime810_CM4_GCC.a(layers_conv2d_generic_float.o) (forward_lite_dense_if32of32wf32)
../Middlewares/ST/AI/Lib\NetworkRuntime810_CM4_GCC.a(st_convolve_reference.o)
                              ../Middlewares/ST/AI/Lib\NetworkRuntime810_CM4_GCC.a(layers_conv2d_stm32_integer.o) (align_factor)
../Middlewares/ST/AI/Lib\NetworkRuntime810_CM4_GCC.a(st_sssa8_ch_convolve.o)
                              ../Middlewares/ST/AI/Lib\NetworkRuntime810_CM4_GCC.a(layers_conv2d_stm32_integer.o) (st_sssa8_ch_convolve_rank1upd)
../Middlewares/ST/AI/Lib\NetworkRuntime810_CM4_GCC.a(st_sssa8_convolve.o)
                              ../Middlewares/ST/AI/Lib\NetworkRuntime810_CM4_GCC.a(layers_conv2d_stm32_integer.o) (st_sssa8_convolve_rank1upd)
../Middlewares/ST/AI/Lib\NetworkRuntime810_CM4_GCC.a(st_sssa8_convolve_1x1.o)
                              ../Middlewares/ST/AI/Lib\NetworkRuntime810_CM4_GCC.a(layers_conv2d_stm32_integer.o) (st_sssa8_convolve_1x1_WeightsPrefetch)
../Middlewares/ST/AI/Lib\NetworkRuntime810_CM4_GCC.a(st_sssa8_convolve_dw.o)
                              ../Middlewares/ST/AI/Lib\NetworkRuntime810_CM4_GCC.a(layers_conv2d_stm32_integer.o) (st_sssa8_conv_dw_Wadapt)
../Middlewares/ST/AI/Lib\NetworkRuntime810_CM4_GCC.a(st_sssa8_convolve_rgb.o)
                              ../Middlewares/ST/AI/Lib\NetworkRuntime810_CM4_GCC.a(layers_conv2d_stm32_integer.o) (st_sssa8_convolve_rgb)
../Middlewares/ST/AI/Lib\NetworkRuntime810_CM4_GCC.a(st_ssua8_ch_convolve.o)
                              ../Middlewares/ST/AI/Lib\NetworkRuntime810_CM4_GCC.a(layers_conv2d_stm32_integer.o) (st_ssua8_ch_convolve_rank1upd)
../Middlewares/ST/AI/Lib\NetworkRuntime810_CM4_GCC.a(st_ssua8_ch_convolve_1x1.o)
                              ../Middlewares/ST/AI/Lib\NetworkRuntime810_CM4_GCC.a(layers_conv2d_stm32_integer.o) (st_ssua8_ch_convolve_1x1)
../Middlewares/ST/AI/Lib\NetworkRuntime810_CM4_GCC.a(st_ssua8_ch_convolve_dw.o)
                              ../Middlewares/ST/AI/Lib\NetworkRuntime810_CM4_GCC.a(layers_conv2d_stm32_integer.o) (st_ssua8_ch_conv_dw_Wadapt)
../Middlewares/ST/AI/Lib\NetworkRuntime810_CM4_GCC.a(st_ssua8_ch_convolve_rgb.o)
                              ../Middlewares/ST/AI/Lib\NetworkRuntime810_CM4_GCC.a(layers_conv2d_stm32_integer.o) (st_ssua8_ch_convolve_rgb)
../Middlewares/ST/AI/Lib\NetworkRuntime810_CM4_GCC.a(st_ssua8_convolve.o)
                              ../Middlewares/ST/AI/Lib\NetworkRuntime810_CM4_GCC.a(layers_conv2d_stm32_integer.o) (st_ssua8_convolve_rank1upd)
../Middlewares/ST/AI/Lib\NetworkRuntime810_CM4_GCC.a(st_ssua8_convolve_1x1.o)
                              ../Middlewares/ST/AI/Lib\NetworkRuntime810_CM4_GCC.a(layers_conv2d_stm32_integer.o) (st_ssua8_convolve_1x1)
../Middlewares/ST/AI/Lib\NetworkRuntime810_CM4_GCC.a(st_ssua8_convolve_dw.o)
                              ../Middlewares/ST/AI/Lib\NetworkRuntime810_CM4_GCC.a(layers_conv2d_stm32_integer.o) (st_ssua8_conv_dw_Wadapt)
../Middlewares/ST/AI/Lib\NetworkRuntime810_CM4_GCC.a(st_ssua8_convolve_rgb.o)
[...]
Memory Configuration

Name             Origin             Length             Attributes
RAM              0x0000000020000000 0x00000000000a0000 xrw
RAM2             0x0000000010000000 0x0000000000010000 xrw
RAM3             0x0000000020040000 0x0000000000060000 xrw
FLASH            0x0000000008000000 0x0000000000200000 xr
*default*        0x0000000000000000 0xffffffffffffffff

Linker script and memory map

LOAD C:/ST/STM32CubeIDE_1.9.0/STM32CubeIDE/plugins/com.st.stm32cube.ide.mcu.externaltools.gnu-tools-for-stm32.11.3.rel1.win32_1.1.1.202309131626/tools/bin/../lib/gcc/arm-none-eabi/11.3.1/thumb/v7e-m+fp/hard/crti.o
LOAD C:/ST/STM32CubeIDE_1.9.0/STM32CubeIDE/plugins/com.st.stm32cube.ide.mcu.externaltools.gnu-tools-for-stm32.11.3.rel1.win32_1.1.1.202309131626/tools/bin/../lib/gcc/arm-none-eabi/11.3.1/thumb/v7e-m+fp/hard/crtbegin.o
LOAD C:/ST/STM32CubeIDE_1.9.0/STM32CubeIDE/plugins/com.st.stm32cube.ide.mcu.externaltools.gnu-tools-for-stm32.11.3.rel1.win32_1.1.1.202309131626/tools/bin/../lib/gcc/arm-none-eabi/11.3.1/../../../../arm-none-eabi/lib/thumb/v7e-m+fp/hard/crt0.o
LOAD ./Core/Src/main.o
LOAD ./Core/Src/stm32l4xx_hal_msp.o
LOAD ./Core/Src/stm32l4xx_it.o
LOAD ./Core/Src/sysmem.o
LOAD ./Core/Src/system_stm32l4xx.o
LOAD ./Core/Startup/startup_stm32l4r9aiix.o
LOAD ./Drivers/STM32L4xx_HAL_Driver/Src/stm32l4xx_hal.o
LOAD ./Drivers/STM32L4xx_HAL_Driver/Src/stm32l4xx_hal_cortex.o
LOAD ./Drivers/STM32L4xx_HAL_Driver/Src/stm32l4xx_hal_crc.o
LOAD ./Drivers/STM32L4xx_HAL_Driver/Src/stm32l4xx_hal_crc_ex.o
LOAD ./Drivers/STM32L4xx_HAL_Driver/Src/stm32l4xx_hal_dma.o
LOAD ./Drivers/STM32L4xx_HAL_Driver/Src/stm32l4xx_hal_dma_ex.o
LOAD ./Drivers/STM32L4xx_HAL_Driver/Src/stm32l4xx_hal_exti.o
LOAD ./Drivers/STM32L4xx_HAL_Driver/Src/stm32l4xx_hal_flash.o
LOAD ./Drivers/STM32L4xx_HAL_Driver/Src/stm32l4xx_hal_flash_ex.o
LOAD ./Drivers/STM32L4xx_HAL_Driver/Src/stm32l4xx_hal_flash_ramfunc.o
LOAD ./Drivers/STM32L4xx_HAL_Driver/Src/stm32l4xx_hal_gpio.o
LOAD ./Drivers/STM32L4xx_HAL_Driver/Src/stm32l4xx_hal_i2c.o
LOAD ./Drivers/STM32L4xx_HAL_Driver/Src/stm32l4xx_hal_i2c_ex.o
LOAD ./Drivers/STM32L4xx_HAL_Driver/Src/stm32l4xx_hal_pcd.o
LOAD ./Drivers/STM32L4xx_HAL_Driver/Src/stm32l4xx_hal_pcd_ex.o
LOAD ./Drivers/STM32L4xx_HAL_Driver/Src/stm32l4xx_hal_pwr.o
LOAD ./Drivers/STM32L4xx_HAL_Driver/Src/stm32l4xx_hal_pwr_ex.o
LOAD ./Drivers/STM32L4xx_HAL_Driver/Src/stm32l4xx_hal_rcc.o
LOAD ./Drivers/STM32L4xx_HAL_Driver/Src/stm32l4xx_hal_rcc_ex.o
LOAD ./Drivers/STM32L4xx_HAL_Driver/Src/stm32l4xx_hal_sai.o
LOAD ./Drivers/STM32L4xx_HAL_Driver/Src/stm32l4xx_hal_sai_ex.o
LOAD ./Drivers/STM32L4xx_HAL_Driver/Src/stm32l4xx_hal_sd.o
LOAD ./Drivers/STM32L4xx_HAL_Driver/Src/stm32l4xx_hal_sd_ex.o
LOAD ./Drivers/STM32L4xx_HAL_Driver/Src/stm32l4xx_hal_spi.o
LOAD ./Drivers/STM32L4xx_HAL_Driver/Src/stm32l4xx_hal_spi_ex.o
LOAD ./Drivers/STM32L4xx_HAL_Driver/Src/stm32l4xx_hal_sram.o
LOAD ./Drivers/STM32L4xx_HAL_Driver/Src/stm32l4xx_hal_tim.o
LOAD ./Drivers/STM32L4xx_HAL_Driver/Src/stm32l4xx_hal_tim_ex.o
LOAD ./Drivers/STM32L4xx_HAL_Driver/Src/stm32l4xx_hal_uart.o
LOAD ./Drivers/STM32L4xx_HAL_Driver/Src/stm32l4xx_hal_uart_ex.o
LOAD ./Drivers/STM32L4xx_HAL_Driver/Src/stm32l4xx_ll_fmc.o
LOAD ./Drivers/STM32L4xx_HAL_Driver/Src/stm32l4xx_ll_sdmmc.o
LOAD ./Drivers/STM32L4xx_HAL_Driver/Src/stm32l4xx_ll_usb.o
LOAD ./X-CUBE-AI/App/app_x-cube-ai.o
LOAD ./X-CUBE-AI/App/wine_quality.o
LOAD ./X-CUBE-AI/App/wine_quality_data.o
LOAD ./X-CUBE-AI/App/wine_quality_data_params.o
LOAD ../Middlewares/ST/AI/Lib\NetworkRuntime810_CM4_GCC.a
START GROUP
LOAD C:/ST/STM32CubeIDE_1.9.0/STM32CubeIDE/plugins/com.st.stm32cube.ide.mcu.externaltools.gnu-tools-for-stm32.11.3.rel1.win32_1.1.1.202309131626/tools/bin/../lib/gcc/arm-none-eabi/11.3.1/../../../../arm-none-eabi/lib/thumb/v7e-m+fp/hard\libc_nano.a
LOAD C:/ST/STM32CubeIDE_1.9.0/STM32CubeIDE/plugins/com.st.stm32cube.ide.mcu.externaltools.gnu-tools-for-stm32.11.3.rel1.win32_1.1.1.202309131626/tools/bin/../lib/gcc/arm-none-eabi/11.3.1/../../../../arm-none-eabi/lib/thumb/v7e-m+fp/hard\libm.a
END GROUP
START GROUP
LOAD C:/ST/STM32CubeIDE_1.9.0/STM32CubeIDE/plugins/com.st.stm32cube.ide.mcu.externaltools.gnu-tools-for-stm32.11.3.rel1.win32_1.1.1.202309131626/tools/bin/../lib/gcc/arm-none-eabi/11.3.1/thumb/v7e-m+fp/hard\libgcc.a
LOAD C:/ST/STM32CubeIDE_1.9.0/STM32CubeIDE/plugins/com.st.stm32cube.ide.mcu.externaltools.gnu-tools-for-stm32.11.3.rel1.win32_1.1.1.202309131626/tools/bin/../lib/gcc/arm-none-eabi/11.3.1/../../../../arm-none-eabi/lib/thumb/v7e-m+fp/hard\libc_nano.a
END GROUP
START GROUP
LOAD C:/ST/STM32CubeIDE_1.9.0/STM32CubeIDE/plugins/com.st.stm32cube.ide.mcu.externaltools.gnu-tools-for-stm32.11.3.rel1.win32_1.1.1.202309131626/tools/bin/../lib/gcc/arm-none-eabi/11.3.1/thumb/v7e-m+fp/hard\libgcc.a
LOAD C:/ST/STM32CubeIDE_1.9.0/STM32CubeIDE/plugins/com.st.stm32cube.ide.mcu.externaltools.gnu-tools-for-stm32.11.3.rel1.win32_1.1.1.202309131626/tools/bin/../lib/gcc/arm-none-eabi/11.3.1/../../../../arm-none-eabi/lib/thumb/v7e-m+fp/hard\libc_nano.a
LOAD C:/ST/STM32CubeIDE_1.9.0/STM32CubeIDE/plugins/com.st.stm32cube.ide.mcu.externaltools.gnu-tools-for-stm32.11.3.rel1.win32_1.1.1.202309131626/tools/bin/../lib/gcc/arm-none-eabi/11.3.1/../../../../arm-none-eabi/lib/thumb/v7e-m+fp/hard\libnosys.a
END GROUP
START GROUP
LOAD C:/ST/STM32CubeIDE_1.9.0/STM32CubeIDE/plugins/com.st.stm32cube.ide.mcu.externaltools.gnu-tools-for-stm32.11.3.rel1.win32_1.1.1.202309131626/tools/bin/../lib/gcc/arm-none-eabi/11.3.1/thumb/v7e-m+fp/hard\libgcc.a
LOAD C:/ST/STM32CubeIDE_1.9.0/STM32CubeIDE/plugins/com.st.stm32cube.ide.mcu.externaltools.gnu-tools-for-stm32.11.3.rel1.win32_1.1.1.202309131626/tools/bin/../lib/gcc/arm-none-eabi/11.3.1/../../../../arm-none-eabi/lib/thumb/v7e-m+fp/hard\libc_nano.a
LOAD C:/ST/STM32CubeIDE_1.9.0/STM32CubeIDE/plugins/com.st.stm32cube.ide.mcu.externaltools.gnu-tools-for-stm32.11.3.rel1.win32_1.1.1.202309131626/tools/bin/../lib/gcc/arm-none-eabi/11.3.1/../../../../arm-none-eabi/lib/thumb/v7e-m+fp/hard\libnosys.a
END GROUP
LOAD C:/ST/STM32CubeIDE_1.9.0/STM32CubeIDE/plugins/com.st.stm32cube.ide.mcu.externaltools.gnu-tools-for-stm32.11.3.rel1.win32_1.1.1.202309131626/tools/bin/../lib/gcc/arm-none-eabi/11.3.1/thumb/v7e-m+fp/hard/crtend.o
LOAD C:/ST/STM32CubeIDE_1.9.0/STM32CubeIDE/plugins/com.st.stm32cube.ide.mcu.externaltools.gnu-tools-for-stm32.11.3.rel1.win32_1.1.1.202309131626/tools/bin/../lib/gcc/arm-none-eabi/11.3.1/thumb/v7e-m+fp/hard/crtn.o
                0x00000000200a0000                _estack = (ORIGIN (RAM) + LENGTH (RAM))
                0x0000000000000800                _Min_Heap_Size = 0x800
                0x0000000000000800                _Min_Stack_Size = 0x800

.isr_vector     0x0000000008000000      0x1bc
                0x0000000008000000                . = ALIGN (0x4)
 *(.isr_vector)
 .isr_vector    0x0000000008000000      0x1bc ./Core/Startup/startup_stm32l4r9aiix.o
                0x0000000008000000                g_pfnVectors
                0x00000000080001bc                . = ALIGN (0x4)

.text           0x00000000080001c0     0x7184
                0x00000000080001c0                . = ALIGN (0x4)
 *(.text)
 .text          0x00000000080001c0       0x40 C:/ST/STM32CubeIDE_1.9.0/STM32CubeIDE/plugins/com.st.stm32cube.ide.mcu.externaltools.gnu-tools-for-stm32.11.3.rel1.win32_1.1.1.202309131626/tools/bin/../lib/gcc/arm-none-eabi/11.3.1/thumb/v7e-m+fp/hard/crtbegin.o
 .text          0x0000000008000200       0xa0 C:/ST/STM32CubeIDE_1.9.0/STM32CubeIDE/plugins/com.st.stm32cube.ide.mcu.externaltools.gnu-tools-for-stm32.11.3.rel1.win32_1.1.1.202309131626/tools/bin/../lib/gcc/arm-none-eabi/11.3.1/../../../../arm-none-eabi/lib/thumb/v7e-m+fp/hard\libc_nano.a(libc_a-memchr.o)
                0x0000000008000200                memchr
 .text          0x00000000080002a0       0x30 C:/ST/STM32CubeIDE_1.9.0/STM32CubeIDE/plugins/com.st.stm32cube.ide.mcu.externaltools.gnu-tools-for-stm32.11.3.rel1.win32_1.1.1.202309131626/tools/bin/../lib/gcc/arm-none-eabi/11.3.1/thumb/v7e-m+fp/hard\libgcc.a(_aeabi_uldivmod.o)
                0x00000000080002a0                __aeabi_uldivmod
 .text          0x00000000080002d0      0x2c8 C:/ST/STM32CubeIDE_1.9.0/STM32CubeIDE/plugins/com.st.stm32cube.ide.mcu.externaltools.gnu-tools-for-stm32.11.3.rel1.win32_1.1.1.202309131626/tools/bin/../lib/gcc/arm-none-eabi/11.3.1/thumb/v7e-m+fp/hard\libgcc.a(_udivmoddi4.o)
                0x00000000080002d0                __udivmoddi4
 .text          0x0000000008000598        0x4 C:/ST/STM32CubeIDE_1.9.0/STM32CubeIDE/plugins/com.st.stm32cube.ide.mcu.externaltools.gnu-tools-for-stm32.11.3.rel1.win32_1.1.1.202309131626/tools/bin/../lib/gcc/arm-none-eabi/11.3.1/thumb/v7e-m+fp/hard\libgcc.a(_dvmd_tls.o)
                0x0000000008000598                __aeabi_idiv0
                0x0000000008000598                __aeabi_ldiv0
 *(.text*)
 .text.SystemClock_Config
                0x000000000800059c       0x74 ./Core/Src/main.o
                0x000000000800059c                SystemClock_Config
 .text.startup.main
                0x0000000008000610      0x548 ./Core/Src/main.o
                0x0000000008000610                main
 .text.Error_Handler
                0x0000000008000b58        0x4 ./Core/Src/main.o
                0x0000000008000b58                Error_Handler
 .text.HAL_MspInit
                0x0000000008000b5c       0x30 ./Core/Src/stm32l4xx_hal_msp.o
                0x0000000008000b5c                HAL_MspInit
 .text.HAL_CRC_MspInit
                0x0000000008000b8c       0x28 ./Core/Src/stm32l4xx_hal_msp.o
                0x0000000008000b8c                HAL_CRC_MspInit
 .text.HAL_I2C_MspInit
                0x0000000008000bb4       0xbc ./Core/Src/stm32l4xx_hal_msp.o
                0x0000000008000bb4                HAL_I2C_MspInit
 .text.HAL_SPI_MspInit
                0x0000000008000c70       0x94 ./Core/Src/stm32l4xx_hal_msp.o
                0x0000000008000c70                HAL_SPI_MspInit
 .text.HAL_UART_MspInit
                0x0000000008000d04      0x120 ./Core/Src/stm32l4xx_hal_msp.o
                0x0000000008000d04                HAL_UART_MspInit
 .text.HAL_SRAM_MspInit
                0x0000000008000e24       0xb8 ./Core/Src/stm32l4xx_hal_msp.o
                0x0000000008000e24                HAL_SRAM_MspInit
 .text.HAL_SAI_MspInit
                0x0000000008000edc       0xa8 ./Core/Src/stm32l4xx_hal_msp.o
                0x0000000008000edc                HAL_SAI_MspInit
 .text.NMI_Handler
                0x0000000008000f84        0x2 ./Core/Src/stm32l4xx_it.o
                0x0000000008000f84                NMI_Handler
 .text.HardFault_Handler
                0x0000000008000f86        0x2 ./Core/Src/stm32l4xx_it.o
                0x0000000008000f86                HardFault_Handler
 .text.MemManage_Handler
                0x0000000008000f88        0x2 ./Core/Src/stm32l4xx_it.o
                0x0000000008000f88                MemManage_Handler
 .text.BusFault_Handler
                0x0000000008000f8a        0x2 ./Core/Src/stm32l4xx_it.o
                0x0000000008000f8a                BusFault_Handler
 .text.UsageFault_Handler
                0x0000000008000f8c        0x2 ./Core/Src/stm32l4xx_it.o
                0x0000000008000f8c                UsageFault_Handler
 .text.SVC_Handler
                0x0000000008000f8e        0x2 ./Core/Src/stm32l4xx_it.o
                0x0000000008000f8e                SVC_Handler
 .text.DebugMon_Handler
                0x0000000008000f90        0x2 ./Core/Src/stm32l4xx_it.o
                0x0000000008000f90                DebugMon_Handler
 .text.PendSV_Handler
                0x0000000008000f92        0x2 ./Core/Src/stm32l4xx_it.o
                0x0000000008000f92                PendSV_Handler
 .text.SysTick_Handler
                0x0000000008000f94        0x4 ./Core/Src/stm32l4xx_it.o
                0x0000000008000f94                SysTick_Handler
 .text.USART2_IRQHandler
                0x0000000008000f98        0xc ./Core/Src/stm32l4xx_it.o
                0x0000000008000f98                USART2_IRQHandler
 .text._sbrk    0x0000000008000fa4       0x40 ./Core/Src/sysmem.o
                0x0000000008000fa4                _sbrk
 .text.SystemInit
                0x0000000008000fe4       0x14 ./Core/Src/system_stm32l4xx.o
                0x0000000008000fe4                SystemInit
 .text.Reset_Handler
                0x0000000008000ff8       0x50 ./Core/Startup/startup_stm32l4r9aiix.o
                0x0000000008000ff8                Reset_Handler
 .text.Default_Handler
                0x0000000008001048        0x2 ./Core/Startup/startup_stm32l4r9aiix.o
                0x0000000008001048                RTC_Alarm_IRQHandler
                0x0000000008001048                EXTI2_IRQHandler
                0x0000000008001048                TIM8_TRG_COM_IRQHandler
                0x0000000008001048                TIM8_CC_IRQHandler
                0x0000000008001048                TIM1_CC_IRQHandler
                0x0000000008001048                TSC_IRQHandler
                0x0000000008001048                TAMP_STAMP_IRQHandler
                0x0000000008001048                EXTI3_IRQHandler
                0x0000000008001048                LPTIM2_IRQHandler
                0x0000000008001048                DFSDM1_FLT1_IRQHandler
                0x0000000008001048                GFXMMU_IRQHandler
                0x0000000008001048                I2C3_ER_IRQHandler
                0x0000000008001048                DFSDM1_FLT2_IRQHandler
                0x0000000008001048                EXTI0_IRQHandler
                0x0000000008001048                I2C2_EV_IRQHandler
                0x0000000008001048                CAN1_RX0_IRQHandler
                0x0000000008001048                FPU_IRQHandler
                0x0000000008001048                TIM1_UP_TIM16_IRQHandler
                0x0000000008001048                LTDC_ER_IRQHandler
                0x0000000008001048                SPI1_IRQHandler
                0x0000000008001048                OCTOSPI1_IRQHandler
                0x0000000008001048                TIM6_DAC_IRQHandler
                0x0000000008001048                DCMI_IRQHandler
                0x0000000008001048                TIM8_UP_IRQHandler
                0x0000000008001048                OCTOSPI2_IRQHandler
                0x0000000008001048                DMA2_Channel2_IRQHandler
                0x0000000008001048                DMA1_Channel4_IRQHandler
                0x0000000008001048                SAI2_IRQHandler
                0x0000000008001048                ADC1_IRQHandler
                0x0000000008001048                DFSDM1_FLT3_IRQHandler
                0x0000000008001048                USART3_IRQHandler
                0x0000000008001048                DMA1_Channel7_IRQHandler
                0x0000000008001048                CAN1_RX1_IRQHandler
                0x0000000008001048                UART5_IRQHandler
                0x0000000008001048                TIM4_IRQHandler
                0x0000000008001048                DMA2_Channel1_IRQHandler
                0x0000000008001048                I2C1_EV_IRQHandler
                0x0000000008001048                DMAMUX1_OVR_IRQHandler
                0x0000000008001048                DMA1_Channel6_IRQHandler
                0x0000000008001048                UART4_IRQHandler
                0x0000000008001048                DMA2_Channel4_IRQHandler
                0x0000000008001048                TIM3_IRQHandler
                0x0000000008001048                RCC_IRQHandler
                0x0000000008001048                DMA1_Channel1_IRQHandler
                0x0000000008001048                Default_Handler
                0x0000000008001048                DMA2_Channel7_IRQHandler
                0x0000000008001048                EXTI15_10_IRQHandler
                0x0000000008001048                TIM7_IRQHandler
                0x0000000008001048                SDMMC1_IRQHandler
                0x0000000008001048                TIM5_IRQHandler
                0x0000000008001048                I2C3_EV_IRQHandler
                0x0000000008001048                EXTI9_5_IRQHandler
                0x0000000008001048                RTC_WKUP_IRQHandler
                0x0000000008001048                LTDC_IRQHandler
                0x0000000008001048                PVD_PVM_IRQHandler
                0x0000000008001048                SPI2_IRQHandler
                0x0000000008001048                CAN1_TX_IRQHandler
                0x0000000008001048                DMA2_Channel5_IRQHandler
                0x0000000008001048                CRS_IRQHandler
                0x0000000008001048                DMA1_Channel5_IRQHandler
                0x0000000008001048                EXTI4_IRQHandler
                0x0000000008001048                RNG_IRQHandler
                0x0000000008001048                TIM1_TRG_COM_TIM17_IRQHandler
                0x0000000008001048                DMA1_Channel3_IRQHandler
                0x0000000008001048                COMP_IRQHandler
                0x0000000008001048                DSI_IRQHandler
                0x0000000008001048                WWDG_IRQHandler
                0x0000000008001048                I2C4_EV_IRQHandler
                0x0000000008001048                LPUART1_IRQHandler
                0x0000000008001048                DMA2_Channel6_IRQHandler
                0x0000000008001048                TIM2_IRQHandler
                0x0000000008001048                DMA2D_IRQHandler
                0x0000000008001048                EXTI1_IRQHandler
                0x0000000008001048                DFSDM1_FLT0_IRQHandler
                0x0000000008001048                I2C2_ER_IRQHandler
                0x0000000008001048                DMA1_Channel2_IRQHandler
                0x0000000008001048                TIM8_BRK_IRQHandler
                0x0000000008001048                CAN1_SCE_IRQHandler
                0x0000000008001048                FLASH_IRQHandler
                0x0000000008001048                USART1_IRQHandler
                0x0000000008001048                OTG_FS_IRQHandler
                0x0000000008001048                SPI3_IRQHandler
                0x0000000008001048                I2C1_ER_IRQHandler
                0x0000000008001048                FMC_IRQHandler
                0x0000000008001048                LPTIM1_IRQHandler
                0x0000000008001048                I2C4_ER_IRQHandler
                0x0000000008001048                SAI1_IRQHandler
                0x0000000008001048                DMA2_Channel3_IRQHandler
                0x0000000008001048                TIM1_BRK_TIM15_IRQHandler
 *fill*         0x000000000800104a        0x2 
 .text.HAL_InitTick
                0x000000000800104c       0x4c ./Drivers/STM32L4xx_HAL_Driver/Src/stm32l4xx_hal.o
                0x000000000800104c                HAL_InitTick
 .text.HAL_Init
                0x0000000008001098       0x1e ./Drivers/STM32L4xx_HAL_Driver/Src/stm32l4xx_hal.o
                0x0000000008001098                HAL_Init
 *fill*         0x00000000080010b6        0x2 
 .text.HAL_IncTick
                0x00000000080010b8       0x18 ./Drivers/STM32L4xx_HAL_Driver/Src/stm32l4xx_hal.o
                0x00000000080010b8                HAL_IncTick
 .text.HAL_GetTick
                0x00000000080010d0        0xc ./Drivers/STM32L4xx_HAL_Driver/Src/stm32l4xx_hal.o
                0x00000000080010d0                HAL_GetTick
 .text.HAL_NVIC_SetPriorityGrouping
                0x00000000080010dc       0x24 ./Drivers/STM32L4xx_HAL_Driver/Src/stm32l4xx_hal_cortex.o
                0x00000000080010dc                HAL_NVIC_SetPriorityGrouping
 .text.HAL_NVIC_SetPriority
                0x0000000008001100       0x64 ./Drivers/STM32L4xx_HAL_Driver/Src/stm32l4xx_hal_cortex.o
                0x0000000008001100                HAL_NVIC_SetPriority
 .text.HAL_NVIC_EnableIRQ
                0x0000000008001164       0x1c ./Drivers/STM32L4xx_HAL_Driver/Src/stm32l4xx_hal_cortex.o
                0x0000000008001164                HAL_NVIC_EnableIRQ
 .text.HAL_SYSTICK_Config
                0x0000000008001180       0x28 ./Drivers/STM32L4xx_HAL_Driver/Src/stm32l4xx_hal_cortex.o
                0x0000000008001180                HAL_SYSTICK_Config
 .text.HAL_CRC_Init
                0x00000000080011a8       0x74 ./Drivers/STM32L4xx_HAL_Driver/Src/stm32l4xx_hal_crc.o
                0x00000000080011a8                HAL_CRC_Init
 .text.HAL_CRCEx_Polynomial_Set
                0x000000000800121c       0x4c ./Drivers/STM32L4xx_HAL_Driver/Src/stm32l4xx_hal_crc_ex.o
                0x000000000800121c                HAL_CRCEx_Polynomial_Set
 .text.HAL_DMA_Abort
                0x0000000008001268       0x64 ./Drivers/STM32L4xx_HAL_Driver/Src/stm32l4xx_hal_dma.o
                0x0000000008001268                HAL_DMA_Abort
 .text.HAL_DMA_Abort_IT
                0x00000000080012cc       0x6e ./Drivers/STM32L4xx_HAL_Driver/Src/stm32l4xx_hal_dma.o
                0x00000000080012cc                HAL_DMA_Abort_IT
 *fill*         0x000000000800133a        0x2 
 .text.HAL_GPIO_Init
                0x000000000800133c      0x1b0 ./Drivers/STM32L4xx_HAL_Driver/Src/stm32l4xx_hal_gpio.o
                0x000000000800133c                HAL_GPIO_Init
 .text.HAL_GPIO_WritePin
                0x00000000080014ec        0xa ./Drivers/STM32L4xx_HAL_Driver/Src/stm32l4xx_hal_gpio.o
                0x00000000080014ec                HAL_GPIO_WritePin
 .text.HAL_I2C_Init
                0x00000000080014f6       0xaa ./Drivers/STM32L4xx_HAL_Driver/Src/stm32l4xx_hal_i2c.o
                0x00000000080014f6                HAL_I2C_Init
 .text.HAL_I2CEx_ConfigAnalogFilter
                0x00000000080015a0       0x4c ./Drivers/STM32L4xx_HAL_Driver/Src/stm32l4xx_hal_i2c_ex.o
                0x00000000080015a0                HAL_I2CEx_ConfigAnalogFilter
 .text.HAL_I2CEx_ConfigDigitalFilter
                0x00000000080015ec       0x4a ./Drivers/STM32L4xx_HAL_Driver/Src/stm32l4xx_hal_i2c_ex.o
                0x00000000080015ec                HAL_I2CEx_ConfigDigitalFilter
 *fill*         0x0000000008001636        0x2 
 .text.HAL_PWREx_GetVoltageRange
                0x0000000008001638       0x20 ./Drivers/STM32L4xx_HAL_Driver/Src/stm32l4xx_hal_pwr_ex.o
                0x0000000008001638                HAL_PWREx_GetVoltageRange
 .text.HAL_PWREx_ControlVoltageScaling
                0x0000000008001658       0xb4 ./Drivers/STM32L4xx_HAL_Driver/Src/stm32l4xx_hal_pwr_ex.o
                0x0000000008001658                HAL_PWREx_ControlVoltageScaling
 .text.HAL_PWREx_EnableVddIO2
                0x000000000800170c       0x10 ./Drivers/STM32L4xx_HAL_Driver/Src/stm32l4xx_hal_pwr_ex.o
                0x000000000800170c                HAL_PWREx_EnableVddIO2
 .text.RCC_SetFlashLatencyFromMSIRange
                0x000000000800171c       0x7c ./Drivers/STM32L4xx_HAL_Driver/Src/stm32l4xx_hal_rcc.o
 .text.HAL_RCC_GetSysClockFreq
                0x0000000008001798       0x90 ./Drivers/STM32L4xx_HAL_Driver/Src/stm32l4xx_hal_rcc.o
                0x0000000008001798                HAL_RCC_GetSysClockFreq
 .text.HAL_RCC_OscConfig
                0x0000000008001828      0x550 ./Drivers/STM32L4xx_HAL_Driver/Src/stm32l4xx_hal_rcc.o
                0x0000000008001828                HAL_RCC_OscConfig
 .text.HAL_RCC_ClockConfig
                0x0000000008001d78      0x1fc ./Drivers/STM32L4xx_HAL_Driver/Src/stm32l4xx_hal_rcc.o
                0x0000000008001d78                HAL_RCC_ClockConfig
 .text.HAL_RCC_GetPCLK1Freq
                0x0000000008001f74       0x24 ./Drivers/STM32L4xx_HAL_Driver/Src/stm32l4xx_hal_rcc.o
                0x0000000008001f74                HAL_RCC_GetPCLK1Freq
 .text.HAL_RCC_GetPCLK2Freq
                0x0000000008001f98       0x24 ./Drivers/STM32L4xx_HAL_Driver/Src/stm32l4xx_hal_rcc.o
                0x0000000008001f98                HAL_RCC_GetPCLK2Freq
 .text.RCCEx_GetSAIxPeriphCLKFreq
                0x0000000008001fbc      0x104 ./Drivers/STM32L4xx_HAL_Driver/Src/stm32l4xx_hal_rcc_ex.o
 .text.RCCEx_PLLSAI1_Config
                0x00000000080020c0      0x100 ./Drivers/STM32L4xx_HAL_Driver/Src/stm32l4xx_hal_rcc_ex.o
 .text.RCCEx_PLLSAI2_Config
                0x00000000080021c0      0x100 ./Drivers/STM32L4xx_HAL_Driver/Src/stm32l4xx_hal_rcc_ex.o
 .text.HAL_RCCEx_PeriphCLKConfig
                0x00000000080022c0      0x4c4 ./Drivers/STM32L4xx_HAL_Driver/Src/stm32l4xx_hal_rcc_ex.o
                0x00000000080022c0                HAL_RCCEx_PeriphCLKConfig
 .text.HAL_RCCEx_GetPeriphCLKFreq
                0x0000000008002784      0x460 ./Drivers/STM32L4xx_HAL_Driver/Src/stm32l4xx_hal_rcc_ex.o
                0x0000000008002784                HAL_RCCEx_GetPeriphCLKFreq
 .text.SAI_Disable
                0x0000000008002be4       0x40 ./Drivers/STM32L4xx_HAL_Driver/Src/stm32l4xx_hal_sai.o
 .text.HAL_SAI_Init
                0x0000000008002c24      0x238 ./Drivers/STM32L4xx_HAL_Driver/Src/stm32l4xx_hal_sai.o
                0x0000000008002c24                HAL_SAI_Init
 .text.HAL_SPI_Init
                0x0000000008002e5c       0xd4 ./Drivers/STM32L4xx_HAL_Driver/Src/stm32l4xx_hal_spi.o
                0x0000000008002e5c                HAL_SPI_Init
 .text.HAL_SRAM_Init
                0x0000000008002f30       0x5a ./Drivers/STM32L4xx_HAL_Driver/Src/stm32l4xx_hal_sram.o
                0x0000000008002f30                HAL_SRAM_Init
 *fill*         0x0000000008002f8a        0x2 
 .text.UART_EndRxTransfer
                0x0000000008002f8c       0x58 ./Drivers/STM32L4xx_HAL_Driver/Src/stm32l4xx_hal_uart.o
 .text.HAL_UART_TxCpltCallback
                0x0000000008002fe4        0x2 ./Drivers/STM32L4xx_HAL_Driver/Src/stm32l4xx_hal_uart.o
                0x0000000008002fe4                HAL_UART_TxCpltCallback
 .text.HAL_UART_ErrorCallback
                0x0000000008002fe6        0x2 ./Drivers/STM32L4xx_HAL_Driver/Src/stm32l4xx_hal_uart.o
                0x0000000008002fe6                HAL_UART_ErrorCallback
 .text.UART_DMAAbortOnError
                0x0000000008002fe8       0x14 ./Drivers/STM32L4xx_HAL_Driver/Src/stm32l4xx_hal_uart.o
 .text.HAL_UARTEx_RxEventCallback
                0x0000000008002ffc        0x2 ./Drivers/STM32L4xx_HAL_Driver/Src/stm32l4xx_hal_uart.o
                0x0000000008002ffc                HAL_UARTEx_RxEventCallback
 *fill*         0x0000000008002ffe        0x2 
 .text.HAL_UART_IRQHandler
                0x0000000008003000      0x2f8 ./Drivers/STM32L4xx_HAL_Driver/Src/stm32l4xx_hal_uart.o
                0x0000000008003000                HAL_UART_IRQHandler
 .text.UART_SetConfig
                0x00000000080032f8      0x2cc ./Drivers/STM32L4xx_HAL_Driver/Src/stm32l4xx_hal_uart.o
                0x00000000080032f8                UART_SetConfig
 .text.UART_AdvFeatureConfig
                0x00000000080035c4       0xa8 ./Drivers/STM32L4xx_HAL_Driver/Src/stm32l4xx_hal_uart.o
                0x00000000080035c4                UART_AdvFeatureConfig
 .text.UART_WaitOnFlagUntilTimeout
                0x000000000800366c       0x88 ./Drivers/STM32L4xx_HAL_Driver/Src/stm32l4xx_hal_uart.o
                0x000000000800366c                UART_WaitOnFlagUntilTimeout
 .text.HAL_UART_Transmit
                0x00000000080036f4       0xac ./Drivers/STM32L4xx_HAL_Driver/Src/stm32l4xx_hal_uart.o
                0x00000000080036f4                HAL_UART_Transmit
 .text.UART_CheckIdleState
                0x00000000080037a0       0xb8 ./Drivers/STM32L4xx_HAL_Driver/Src/stm32l4xx_hal_uart.o
                0x00000000080037a0                UART_CheckIdleState
 .text.HAL_UART_Init
                0x0000000008003858       0x60 ./Drivers/STM32L4xx_HAL_Driver/Src/stm32l4xx_hal_uart.o
                0x0000000008003858                HAL_UART_Init
 .text.UARTEx_SetNbDataToProcess
                0x00000000080038b8       0x44 ./Drivers/STM32L4xx_HAL_Driver/Src/stm32l4xx_hal_uart_ex.o
 .text.HAL_UARTEx_WakeupCallback
                0x00000000080038fc        0x2 ./Drivers/STM32L4xx_HAL_Driver/Src/stm32l4xx_hal_uart_ex.o
                0x00000000080038fc                HAL_UARTEx_WakeupCallback
 .text.HAL_UARTEx_RxFifoFullCallback
                0x00000000080038fe        0x2 ./Drivers/STM32L4xx_HAL_Driver/Src/stm32l4xx_hal_uart_ex.o
                0x00000000080038fe                HAL_UARTEx_RxFifoFullCallback
 .text.HAL_UARTEx_TxFifoEmptyCallback
                0x0000000008003900        0x2 ./Drivers/STM32L4xx_HAL_Driver/Src/stm32l4xx_hal_uart_ex.o
                0x0000000008003900                HAL_UARTEx_TxFifoEmptyCallback
 .text.HAL_UARTEx_DisableFifoMode
                0x0000000008003902       0x36 ./Drivers/STM32L4xx_HAL_Driver/Src/stm32l4xx_hal_uart_ex.o
                0x0000000008003902                HAL_UARTEx_DisableFifoMode
 .text.HAL_UARTEx_SetTxFifoThreshold
                0x0000000008003938       0x40 ./Drivers/STM32L4xx_HAL_Driver/Src/stm32l4xx_hal_uart_ex.o
                0x0000000008003938                HAL_UARTEx_SetTxFifoThreshold
 .text.HAL_UARTEx_SetRxFifoThreshold
                0x0000000008003978       0x40 ./Drivers/STM32L4xx_HAL_Driver/Src/stm32l4xx_hal_uart_ex.o
                0x0000000008003978                HAL_UARTEx_SetRxFifoThreshold
 .text.FMC_NORSRAM_Init
                0x00000000080039b8       0x8c ./Drivers/STM32L4xx_HAL_Driver/Src/stm32l4xx_ll_fmc.o
                0x00000000080039b8                FMC_NORSRAM_Init
 .text.FMC_NORSRAM_Timing_Init
                0x0000000008003a44       0x58 ./Drivers/STM32L4xx_HAL_Driver/Src/stm32l4xx_ll_fmc.o
                0x0000000008003a44                FMC_NORSRAM_Timing_Init
 .text.FMC_NORSRAM_Extended_Timing_Init
                0x0000000008003a9c       0x3e ./Drivers/STM32L4xx_HAL_Driver/Src/stm32l4xx_ll_fmc.o
                0x0000000008003a9c                FMC_NORSRAM_Extended_Timing_Init
 .text.acquire_and_process_data
                0x0000000008003ada        0xc ./X-CUBE-AI/App/app_x-cube-ai.o
                0x0000000008003ada                acquire_and_process_data
 *fill*         0x0000000008003ae6        0x2 
 .text.post_process
                0x0000000008003ae8       0x24 ./X-CUBE-AI/App/app_x-cube-ai.o
                0x0000000008003ae8                post_process
 .text.MX_X_CUBE_AI_Init
                0x0000000008003b0c       0x78 ./X-CUBE-AI/App/app_x-cube-ai.o
                0x0000000008003b0c                MX_X_CUBE_AI_Init
 .text.MX_X_CUBE_AI_Process
                0x0000000008003b84       0x7c ./X-CUBE-AI/App/app_x-cube-ai.o
                0x0000000008003b84                MX_X_CUBE_AI_Process
 .text.ai_wine_quality_get_error
                0x0000000008003c00        0x4 ./X-CUBE-AI/App/wine_quality.o
                0x0000000008003c00                ai_wine_quality_get_error
 .text.ai_wine_quality_create
                0x0000000008003c04       0x1c ./X-CUBE-AI/App/wine_quality.o
                0x0000000008003c04                ai_wine_quality_create
 .text.ai_wine_quality_inputs_get
                0x0000000008003c20       0x14 ./X-CUBE-AI/App/wine_quality.o
                0x0000000008003c20                ai_wine_quality_inputs_get
 .text.ai_wine_quality_outputs_get
                0x0000000008003c34       0x14 ./X-CUBE-AI/App/wine_quality.o
                0x0000000008003c34                ai_wine_quality_outputs_get
 .text.ai_wine_quality_init
                0x0000000008003c48      0x190 ./X-CUBE-AI/App/wine_quality.o
                0x0000000008003c48                ai_wine_quality_init
 .text.ai_wine_quality_create_and_init
                0x0000000008003dd8       0x8e ./X-CUBE-AI/App/wine_quality.o
                0x0000000008003dd8                ai_wine_quality_create_and_init
 .text.ai_wine_quality_run
                0x0000000008003e66        0x4 ./X-CUBE-AI/App/wine_quality.o
                0x0000000008003e66                ai_wine_quality_run
 *fill*         0x0000000008003e6a        0x2 
 .text.ai_wine_quality_data_params_get
                0x0000000008003e6c       0x30 ./X-CUBE-AI/App/wine_quality_data.o
                0x0000000008003e6c                ai_wine_quality_data_params_get
 .text.ai_buffer_get_size
                0x0000000008003e9c       0x68 ../Middlewares/ST/AI/Lib\NetworkRuntime810_CM4_GCC.a(ai_platform.o)
                0x0000000008003e9c                ai_buffer_get_size
 .text.ai_buffer_array_sane
                0x0000000008003f04       0x14 ../Middlewares/ST/AI/Lib\NetworkRuntime810_CM4_GCC.a(ai_platform.o)
                0x0000000008003f04                ai_buffer_array_sane
 .text.ai_buffer_array_item_set_address
                0x0000000008003f18       0x20 ../Middlewares/ST/AI/Lib\NetworkRuntime810_CM4_GCC.a(ai_platform.o)
                0x0000000008003f18                ai_buffer_array_item_set_address
 .text._ai_platform_acquire_crc
                0x0000000008003f38        0x4 ../Middlewares/ST/AI/Lib\NetworkRuntime810_CM4_GCC.a(ai_platform_interface.o)
                0x0000000008003f38                _ai_platform_acquire_crc
 .text._ai_platform_release_crc
                0x0000000008003f3c        0x4 ../Middlewares/ST/AI/Lib\NetworkRuntime810_CM4_GCC.a(ai_platform_interface.o)
                0x0000000008003f3c                _ai_platform_release_crc
 .text.ai_platform_get_weights_map
                0x0000000008003f40       0xa8 ../Middlewares/ST/AI/Lib\NetworkRuntime810_CM4_GCC.a(ai_platform_interface.o)
                0x0000000008003f40                ai_platform_get_weights_map
 .text.ai_platform_get_activations_map
                0x0000000008003fe8       0xa8 ../Middlewares/ST/AI/Lib\NetworkRuntime810_CM4_GCC.a(ai_platform_interface.o)
                0x0000000008003fe8                ai_platform_get_activations_map
 .text.ai_platform_bind_network_params
                0x0000000008004090       0x44 ../Middlewares/ST/AI/Lib\NetworkRuntime810_CM4_GCC.a(ai_platform_interface.o)
                0x0000000008004090                ai_platform_bind_network_params
 .text.ai_platform_network_get_error
                0x00000000080040d4       0xdc ../Middlewares/ST/AI/Lib\NetworkRuntime810_CM4_GCC.a(ai_platform_interface.o)
                0x00000000080040d4                ai_platform_network_get_error
 .text.ai_platform_network_set_error
                0x00000000080041b0        0xc ../Middlewares/ST/AI/Lib\NetworkRuntime810_CM4_GCC.a(ai_platform_interface.o)
                0x00000000080041b0                ai_platform_network_set_error
 .text.ai_platform_inputs_get
                0x00000000080041bc      0x1ac ../Middlewares/ST/AI/Lib\NetworkRuntime810_CM4_GCC.a(ai_platform_interface.o)
                0x00000000080041bc                ai_platform_inputs_get
 .text.ai_platform_outputs_get
                0x0000000008004368      0x1a0 ../Middlewares/ST/AI/Lib\NetworkRuntime810_CM4_GCC.a(ai_platform_interface.o)
                0x0000000008004368                ai_platform_outputs_get
 .text.ai_platform_network_create
                0x0000000008004508      0x1ac ../Middlewares/ST/AI/Lib\NetworkRuntime810_CM4_GCC.a(ai_platform_interface.o)
                0x0000000008004508                ai_platform_network_create
 .text.ai_platform_network_init
                0x00000000080046b4      0x1dc ../Middlewares/ST/AI/Lib\NetworkRuntime810_CM4_GCC.a(ai_platform_interface.o)
                0x00000000080046b4                ai_platform_network_init
 .text.ai_platform_network_post_init
                0x0000000008004890      0x110 ../Middlewares/ST/AI/Lib\NetworkRuntime810_CM4_GCC.a(ai_platform_interface.o)
                0x0000000008004890                ai_platform_network_post_init
 .text.ai_platform_network_process
                0x00000000080049a0      0x508 ../Middlewares/ST/AI/Lib\NetworkRuntime810_CM4_GCC.a(ai_platform_interface.o)
                0x00000000080049a0                ai_platform_network_process
 .text.core_init
                0x0000000008004ea8        0x4 ../Middlewares/ST/AI/Lib\NetworkRuntime810_CM4_GCC.a(core_common.o)
                0x0000000008004ea8                core_init
 .text.core_get_error
                0x0000000008004eac        0xc ../Middlewares/ST/AI/Lib\NetworkRuntime810_CM4_GCC.a(core_common.o)
                0x0000000008004eac                core_get_error
 .text.core_set_error
                0x0000000008004eb8       0x18 ../Middlewares/ST/AI/Lib\NetworkRuntime810_CM4_GCC.a(core_common.o)
                0x0000000008004eb8                core_set_error
 .text.ai_check_custom_types
                0x0000000008004ed0       0x54 ../Middlewares/ST/AI/Lib\NetworkRuntime810_CM4_GCC.a(layers.o)
                0x0000000008004ed0                ai_check_custom_types
 .text.ai_layers_init_all
                0x0000000008004f24       0x1c ../Middlewares/ST/AI/Lib\NetworkRuntime810_CM4_GCC.a(layers.o)
                0x0000000008004f24                ai_layers_init_all
 .text.ai_layers_post_init_all
                0x0000000008004f40       0x28 ../Middlewares/ST/AI/Lib\NetworkRuntime810_CM4_GCC.a(layers.o)
                0x0000000008004f40                ai_layers_post_init_all
 .text.ai_layers_forward_all
                0x0000000008004f68       0x94 ../Middlewares/ST/AI/Lib\NetworkRuntime810_CM4_GCC.a(layers.o)
                0x0000000008004f68                ai_layers_forward_all
 .text.forward_dense
                0x0000000008004ffc      0x54c ../Middlewares/ST/AI/Lib\NetworkRuntime810_CM4_GCC.a(layers_conv2d_generic_float.o)
                0x0000000008004ffc                forward_dense
 .text.forward_tanh
                0x0000000008005548       0x7c ../Middlewares/ST/AI/Lib\NetworkRuntime810_CM4_GCC.a(layers_nl_generic_float.o)
                0x0000000008005548                forward_tanh
 .text.forward_relu
                0x00000000080055c4      0x268 ../Middlewares/ST/AI/Lib\NetworkRuntime810_CM4_GCC.a(layers_nl_generic_float.o)
                0x00000000080055c4                forward_relu
 .text.forward_sm
                0x000000000800582c      0x11c ../Middlewares/ST/AI/Lib\NetworkRuntime810_CM4_GCC.a(layers_nl_generic_float.o)
                0x000000000800582c                forward_sm
 .text.forward_lite_dense_if32of32wf32
                0x0000000008005948      0x248 ../Middlewares/ST/AI/Lib\NetworkRuntime810_CM4_GCC.a(lite_dense_if32.o)
                0x0000000008005948                forward_lite_dense_if32of32wf32
 .text.st_int8_copy
                0x0000000008005b90      0x10c ../Middlewares/ST/AI/Lib\NetworkRuntime810_CM4_GCC.a(st_int8_fill.o)
                0x0000000008005b90                st_int8_copy
 .text.ai_array_to_buffer_fmt
                0x0000000008005c9c       0xd8 ../Middlewares/ST/AI/Lib\NetworkRuntime810_CM4_GCC.a(ai_datatypes_format.o)
                0x0000000008005c9c                ai_array_to_buffer_fmt
 .text.ai_array_get_byte_size
                0x0000000008005d74       0x50 ../Middlewares/ST/AI/Lib\NetworkRuntime810_CM4_GCC.a(ai_datatypes_format.o)
                0x0000000008005d74                ai_array_get_byte_size
 .text.ai_array_get_data_byte_size
                0x0000000008005dc4       0x24 ../Middlewares/ST/AI/Lib\NetworkRuntime810_CM4_GCC.a(ai_datatypes_format.o)
                0x0000000008005dc4                ai_array_get_data_byte_size
 .text.ai_version_get
                0x0000000008005de8        0xc ../Middlewares/ST/AI/Lib\NetworkRuntime810_CM4_GCC.a(ai_datatypes_internal.o)
                0x0000000008005de8                ai_version_get
 .text.get_tensor_byte_size
                0x0000000008005df4       0x30 ../Middlewares/ST/AI/Lib\NetworkRuntime810_CM4_GCC.a(ai_datatypes_internal.o)
                0x0000000008005df4                get_tensor_byte_size
 .text.sbrk_aligned
                0x0000000008005e24       0x40 C:/ST/STM32CubeIDE_1.9.0/STM32CubeIDE/plugins/com.st.stm32cube.ide.mcu.externaltools.gnu-tools-for-stm32.11.3.rel1.win32_1.1.1.202309131626/tools/bin/../lib/gcc/arm-none-eabi/11.3.1/../../../../arm-none-eabi/lib/thumb/v7e-m+fp/hard\libc_nano.a(libc_a-mallocr.o)
 .text._malloc_r
                0x0000000008005e64      0x100 C:/ST/STM32CubeIDE_1.9.0/STM32CubeIDE/plugins/com.st.stm32cube.ide.mcu.externaltools.gnu-tools-for-stm32.11.3.rel1.win32_1.1.1.202309131626/tools/bin/../lib/gcc/arm-none-eabi/11.3.1/../../../../arm-none-eabi/lib/thumb/v7e-m+fp/hard\libc_nano.a(libc_a-mallocr.o)
                0x0000000008005e64                _malloc_r
 .text.__malloc_lock
                0x0000000008005f64        0xc C:/ST/STM32CubeIDE_1.9.0/STM32CubeIDE/plugins/com.st.stm32cube.ide.mcu.externaltools.gnu-tools-for-stm32.11.3.rel1.win32_1.1.1.202309131626/tools/bin/../lib/gcc/arm-none-eabi/11.3.1/../../../../arm-none-eabi/lib/thumb/v7e-m+fp/hard\libc_nano.a(libc_a-mlock.o)
                0x0000000008005f64                __malloc_lock
 .text.__malloc_unlock
                0x0000000008005f70        0xc C:/ST/STM32CubeIDE_1.9.0/STM32CubeIDE/plugins/com.st.stm32cube.ide.mcu.externaltools.gnu-tools-for-stm32.11.3.rel1.win32_1.1.1.202309131626/tools/bin/../lib/gcc/arm-none-eabi/11.3.1/../../../../arm-none-eabi/lib/thumb/v7e-m+fp/hard\libc_nano.a(libc_a-mlock.o)
                0x0000000008005f70                __malloc_unlock
 .text.std      0x0000000008005f7c       0x6c C:/ST/STM32CubeIDE_1.9.0/STM32CubeIDE/plugins/com.st.stm32cube.ide.mcu.externaltools.gnu-tools-for-stm32.11.3.rel1.win32_1.1.1.202309131626/tools/bin/../lib/gcc/arm-none-eabi/11.3.1/../../../../arm-none-eabi/lib/thumb/v7e-m+fp/hard\libc_nano.a(libc_a-findfp.o)
 .text.stdio_exit_handler
                0x0000000008005fe8       0x18 C:/ST/STM32CubeIDE_1.9.0/STM32CubeIDE/plugins/com.st.stm32cube.ide.mcu.externaltools.gnu-tools-for-stm32.11.3.rel1.win32_1.1.1.202309131626/tools/bin/../lib/gcc/arm-none-eabi/11.3.1/../../../../arm-none-eabi/lib/thumb/v7e-m+fp/hard\libc_nano.a(libc_a-findfp.o)
 .text.cleanup_stdio
                0x0000000008006000       0x40 C:/ST/STM32CubeIDE_1.9.0/STM32CubeIDE/plugins/com.st.stm32cube.ide.mcu.externaltools.gnu-tools-for-stm32.11.3.rel1.win32_1.1.1.202309131626/tools/bin/../lib/gcc/arm-none-eabi/11.3.1/../../../../arm-none-eabi/lib/thumb/v7e-m+fp/hard\libc_nano.a(libc_a-findfp.o)
 .text.global_stdio_init.part.0
                0x0000000008006040       0x3c C:/ST/STM32CubeIDE_1.9.0/STM32CubeIDE/plugins/com.st.stm32cube.ide.mcu.externaltools.gnu-tools-for-stm32.11.3.rel1.win32_1.1.1.202309131626/tools/bin/../lib/gcc/arm-none-eabi/11.3.1/../../../../arm-none-eabi/lib/thumb/v7e-m+fp/hard\libc_nano.a(libc_a-findfp.o)
 .text.__sfp_lock_acquire
                0x000000000800607c        0xc C:/ST/STM32CubeIDE_1.9.0/STM32CubeIDE/plugins/com.st.stm32cube.ide.mcu.externaltools.gnu-tools-for-stm32.11.3.rel1.win32_1.1.1.202309131626/tools/bin/../lib/gcc/arm-none-eabi/11.3.1/../../../../arm-none-eabi/lib/thumb/v7e-m+fp/hard\libc_nano.a(libc_a-findfp.o)
                0x000000000800607c                __sfp_lock_acquire
 .text.__sfp_lock_release
                0x0000000008006088        0xc C:/ST/STM32CubeIDE_1.9.0/STM32CubeIDE/plugins/com.st.stm32cube.ide.mcu.externaltools.gnu-tools-for-stm32.11.3.rel1.win32_1.1.1.202309131626/tools/bin/../lib/gcc/arm-none-eabi/11.3.1/../../../../arm-none-eabi/lib/thumb/v7e-m+fp/hard\libc_nano.a(libc_a-findfp.o)
                0x0000000008006088                __sfp_lock_release
 .text.__sinit  0x0000000008006094       0x30 C:/ST/STM32CubeIDE_1.9.0/STM32CubeIDE/plugins/com.st.stm32cube.ide.mcu.externaltools.gnu-tools-for-stm32.11.3.rel1.win32_1.1.1.202309131626/tools/bin/../lib/gcc/arm-none-eabi/11.3.1/../../../../arm-none-eabi/lib/thumb/v7e-m+fp/hard\libc_nano.a(libc_a-findfp.o)
                0x0000000008006094                __sinit
 .text._fwalk_sglue
                0x00000000080060c4       0x3c C:/ST/STM32CubeIDE_1.9.0/STM32CubeIDE/plugins/com.st.stm32cube.ide.mcu.externaltools.gnu-tools-for-stm32.11.3.rel1.win32_1.1.1.202309131626/tools/bin/../lib/gcc/arm-none-eabi/11.3.1/../../../../arm-none-eabi/lib/thumb/v7e-m+fp/hard\libc_nano.a(libc_a-fwalk.o)
                0x00000000080060c4                _fwalk_sglue
 .text.printf   0x0000000008006100       0x24 C:/ST/STM32CubeIDE_1.9.0/STM32CubeIDE/plugins/com.st.stm32cube.ide.mcu.externaltools.gnu-tools-for-stm32.11.3.rel1.win32_1.1.1.202309131626/tools/bin/../lib/gcc/arm-none-eabi/11.3.1/../../../../arm-none-eabi/lib/thumb/v7e-m+fp/hard\libc_nano.a(libc_a-printf.o)
                0x0000000008006100                iprintf
                0x0000000008006100                printf
 .text._puts_r  0x0000000008006124       0xa8 C:/ST/STM32CubeIDE_1.9.0/STM32CubeIDE/plugins/com.st.stm32cube.ide.mcu.externaltools.gnu-tools-for-stm32.11.3.rel1.win32_1.1.1.202309131626/tools/bin/../lib/gcc/arm-none-eabi/11.3.1/../../../../arm-none-eabi/lib/thumb/v7e-m+fp/hard\libc_nano.a(libc_a-puts.o)
                0x0000000008006124                _puts_r
 .text.puts     0x00000000080061cc       0x10 C:/ST/STM32CubeIDE_1.9.0/STM32CubeIDE/plugins/com.st.stm32cube.ide.mcu.externaltools.gnu-tools-for-stm32.11.3.rel1.win32_1.1.1.202309131626/tools/bin/../lib/gcc/arm-none-eabi/11.3.1/../../../../arm-none-eabi/lib/thumb/v7e-m+fp/hard\libc_nano.a(libc_a-puts.o)
                0x00000000080061cc                puts
 .text.__sread  0x00000000080061dc       0x22 C:/ST/STM32CubeIDE_1.9.0/STM32CubeIDE/plugins/com.st.stm32cube.ide.mcu.externaltools.gnu-tools-for-stm32.11.3.rel1.win32_1.1.1.202309131626/tools/bin/../lib/gcc/arm-none-eabi/11.3.1/../../../../arm-none-eabi/lib/thumb/v7e-m+fp/hard\libc_nano.a(libc_a-stdio.o)
                0x00000000080061dc                __sread
 .text.__swrite
                0x00000000080061fe       0x38 C:/ST/STM32CubeIDE_1.9.0/STM32CubeIDE/plugins/com.st.stm32cube.ide.mcu.externaltools.gnu-tools-for-stm32.11.3.rel1.win32_1.1.1.202309131626/tools/bin/../lib/gcc/arm-none-eabi/11.3.1/../../../../arm-none-eabi/lib/thumb/v7e-m+fp/hard\libc_nano.a(libc_a-stdio.o)
                0x00000000080061fe                __swrite
 .text.__sseek  0x0000000008006236       0x24 C:/ST/STM32CubeIDE_1.9.0/STM32CubeIDE/plugins/com.st.stm32cube.ide.mcu.externaltools.gnu-tools-for-stm32.11.3.rel1.win32_1.1.1.202309131626/tools/bin/../lib/gcc/arm-none-eabi/11.3.1/../../../../arm-none-eabi/lib/thumb/v7e-m+fp/hard\libc_nano.a(libc_a-stdio.o)
                0x0000000008006236                __sseek
 .text.__sclose
                0x000000000800625a        0x8 C:/ST/STM32CubeIDE_1.9.0/STM32CubeIDE/plugins/com.st.stm32cube.ide.mcu.externaltools.gnu-tools-for-stm32.11.3.rel1.win32_1.1.1.202309131626/tools/bin/../lib/gcc/arm-none-eabi/11.3.1/../../../../arm-none-eabi/lib/thumb/v7e-m+fp/hard\libc_nano.a(libc_a-stdio.o)
                0x000000000800625a                __sclose
 .text.__swbuf_r
                0x0000000008006262       0x7a C:/ST/STM32CubeIDE_1.9.0/STM32CubeIDE/plugins/com.st.stm32cube.ide.mcu.externaltools.gnu-tools-for-stm32.11.3.rel1.win32_1.1.1.202309131626/tools/bin/../lib/gcc/arm-none-eabi/11.3.1/../../../../arm-none-eabi/lib/thumb/v7e-m+fp/hard\libc_nano.a(libc_a-wbuf.o)
                0x0000000008006262                __swbuf_r
 .text.__swsetup_r
                0x00000000080062dc       0xb0 C:/ST/STM32CubeIDE_1.9.0/STM32CubeIDE/plugins/com.st.stm32cube.ide.mcu.externaltools.gnu-tools-for-stm32.11.3.rel1.win32_1.1.1.202309131626/tools/bin/../lib/gcc/arm-none-eabi/11.3.1/../../../../arm-none-eabi/lib/thumb/v7e-m+fp/hard\libc_nano.a(libc_a-wsetup.o)
                0x00000000080062dc                __swsetup_r
 .text.memset   0x000000000800638c       0x10 C:/ST/STM32CubeIDE_1.9.0/STM32CubeIDE/plugins/com.st.stm32cube.ide.mcu.externaltools.gnu-tools-for-stm32.11.3.rel1.win32_1.1.1.202309131626/tools/bin/../lib/gcc/arm-none-eabi/11.3.1/../../../../arm-none-eabi/lib/thumb/v7e-m+fp/hard\libc_nano.a(libc_a-memset.o)
                0x000000000800638c                memset
 .text._close_r
                0x000000000800639c       0x20 C:/ST/STM32CubeIDE_1.9.0/STM32CubeIDE/plugins/com.st.stm32cube.ide.mcu.externaltools.gnu-tools-for-stm32.11.3.rel1.win32_1.1.1.202309131626/tools/bin/../lib/gcc/arm-none-eabi/11.3.1/../../../../arm-none-eabi/lib/thumb/v7e-m+fp/hard\libc_nano.a(libc_a-closer.o)
                0x000000000800639c                _close_r
 .text._lseek_r
                0x00000000080063bc       0x24 C:/ST/STM32CubeIDE_1.9.0/STM32CubeIDE/plugins/com.st.stm32cube.ide.mcu.externaltools.gnu-tools-for-stm32.11.3.rel1.win32_1.1.1.202309131626/tools/bin/../lib/gcc/arm-none-eabi/11.3.1/../../../../arm-none-eabi/lib/thumb/v7e-m+fp/hard\libc_nano.a(libc_a-lseekr.o)
                0x00000000080063bc                _lseek_r
 .text._read_r  0x00000000080063e0       0x24 C:/ST/STM32CubeIDE_1.9.0/STM32CubeIDE/plugins/com.st.stm32cube.ide.mcu.externaltools.gnu-tools-for-stm32.11.3.rel1.win32_1.1.1.202309131626/tools/bin/../lib/gcc/arm-none-eabi/11.3.1/../../../../arm-none-eabi/lib/thumb/v7e-m+fp/hard\libc_nano.a(libc_a-readr.o)
                0x00000000080063e0                _read_r
 .text._sbrk_r  0x0000000008006404       0x20 C:/ST/STM32CubeIDE_1.9.0/STM32CubeIDE/plugins/com.st.stm32cube.ide.mcu.externaltools.gnu-tools-for-stm32.11.3.rel1.win32_1.1.1.202309131626/tools/bin/../lib/gcc/arm-none-eabi/11.3.1/../../../../arm-none-eabi/lib/thumb/v7e-m+fp/hard\libc_nano.a(libc_a-sbrkr.o)
                0x0000000008006404                _sbrk_r
 .text._write_r
                0x0000000008006424       0x24 C:/ST/STM32CubeIDE_1.9.0/STM32CubeIDE/plugins/com.st.stm32cube.ide.mcu.externaltools.gnu-tools-for-stm32.11.3.rel1.win32_1.1.1.202309131626/tools/bin/../lib/gcc/arm-none-eabi/11.3.1/../../../../arm-none-eabi/lib/thumb/v7e-m+fp/hard\libc_nano.a(libc_a-writer.o)
                0x0000000008006424                _write_r
 .text.__errno  0x0000000008006448        0xc C:/ST/STM32CubeIDE_1.9.0/STM32CubeIDE/plugins/com.st.stm32cube.ide.mcu.externaltools.gnu-tools-for-stm32.11.3.rel1.win32_1.1.1.202309131626/tools/bin/../lib/gcc/arm-none-eabi/11.3.1/../../../../arm-none-eabi/lib/thumb/v7e-m+fp/hard\libc_nano.a(libc_a-errno.o)
                0x0000000008006448                __errno
 .text.__libc_init_array
                0x0000000008006454       0x48 C:/ST/STM32CubeIDE_1.9.0/STM32CubeIDE/plugins/com.st.stm32cube.ide.mcu.externaltools.gnu-tools-for-stm32.11.3.rel1.win32_1.1.1.202309131626/tools/bin/../lib/gcc/arm-none-eabi/11.3.1/../../../../arm-none-eabi/lib/thumb/v7e-m+fp/hard\libc_nano.a(libc_a-init.o)
                0x0000000008006454                __libc_init_array
 .text.__retarget_lock_init_recursive
                0x000000000800649c        0x2 C:/ST/STM32CubeIDE_1.9.0/STM32CubeIDE/plugins/com.st.stm32cube.ide.mcu.externaltools.gnu-tools-for-stm32.11.3.rel1.win32_1.1.1.202309131626/tools/bin/../lib/gcc/arm-none-eabi/11.3.1/../../../../arm-none-eabi/lib/thumb/v7e-m+fp/hard\libc_nano.a(libc_a-lock.o)
                0x000000000800649c                __retarget_lock_init_recursive
 .text.__retarget_lock_acquire_recursive
                0x000000000800649e        0x2 C:/ST/STM32CubeIDE_1.9.0/STM32CubeIDE/plugins/com.st.stm32cube.ide.mcu.externaltools.gnu-tools-for-stm32.11.3.rel1.win32_1.1.1.202309131626/tools/bin/../lib/gcc/arm-none-eabi/11.3.1/../../../../arm-none-eabi/lib/thumb/v7e-m+fp/hard\libc_nano.a(libc_a-lock.o)
                0x000000000800649e                __retarget_lock_acquire_recursive
 .text.__retarget_lock_release_recursive
                0x00000000080064a0        0x2 C:/ST/STM32CubeIDE_1.9.0/STM32CubeIDE/plugins/com.st.stm32cube.ide.mcu.externaltools.gnu-tools-for-stm32.11.3.rel1.win32_1.1.1.202309131626/tools/bin/../lib/gcc/arm-none-eabi/11.3.1/../../../../arm-none-eabi/lib/thumb/v7e-m+fp/hard\libc_nano.a(libc_a-lock.o)
                0x00000000080064a0                __retarget_lock_release_recursive
 *fill*         0x00000000080064a2        0x2 
 .text._free_r  0x00000000080064a4       0x98 C:/ST/STM32CubeIDE_1.9.0/STM32CubeIDE/plugins/com.st.stm32cube.ide.mcu.externaltools.gnu-tools-for-stm32.11.3.rel1.win32_1.1.1.202309131626/tools/bin/../lib/gcc/arm-none-eabi/11.3.1/../../../../arm-none-eabi/lib/thumb/v7e-m+fp/hard\libc_nano.a(libc_a-freer.o)
                0x00000000080064a4                _free_r
 .text.__sfputc_r
                0x000000000800653c       0x2e C:/ST/STM32CubeIDE_1.9.0/STM32CubeIDE/plugins/com.st.stm32cube.ide.mcu.externaltools.gnu-tools-for-stm32.11.3.rel1.win32_1.1.1.202309131626/tools/bin/../lib/gcc/arm-none-eabi/11.3.1/../../../../arm-none-eabi/lib/thumb/v7e-m+fp/hard\libc_nano.a(libc_a-nano-vfprintf.o)
 .text.__sfputs_r
                0x000000000800656a       0x24 C:/ST/STM32CubeIDE_1.9.0/STM32CubeIDE/plugins/com.st.stm32cube.ide.mcu.externaltools.gnu-tools-for-stm32.11.3.rel1.win32_1.1.1.202309131626/tools/bin/../lib/gcc/arm-none-eabi/11.3.1/../../../../arm-none-eabi/lib/thumb/v7e-m+fp/hard\libc_nano.a(libc_a-nano-vfprintf.o)
                0x000000000800656a                __sfputs_r
 *fill*         0x000000000800658e        0x2 
 .text._vfprintf_r
                0x0000000008006590      0x234 C:/ST/STM32CubeIDE_1.9.0/STM32CubeIDE/plugins/com.st.stm32cube.ide.mcu.externaltools.gnu-tools-for-stm32.11.3.rel1.win32_1.1.1.202309131626/tools/bin/../lib/gcc/arm-none-eabi/11.3.1/../../../../arm-none-eabi/lib/thumb/v7e-m+fp/hard\libc_nano.a(libc_a-nano-vfprintf.o)
                0x0000000008006590                _vfprintf_r
                0x0000000008006590                _vfiprintf_r
 .text._printf_common
                0x00000000080067c4       0xda C:/ST/STM32CubeIDE_1.9.0/STM32CubeIDE/plugins/com.st.stm32cube.ide.mcu.externaltools.gnu-tools-for-stm32.11.3.rel1.win32_1.1.1.202309131626/tools/bin/../lib/gcc/arm-none-eabi/11.3.1/../../../../arm-none-eabi/lib/thumb/v7e-m+fp/hard\libc_nano.a(libc_a-nano-vfprintf_i.o)
                0x00000000080067c4                _printf_common
 *fill*         0x000000000800689e        0x2 
 .text._printf_i
                0x00000000080068a0      0x244 C:/ST/STM32CubeIDE_1.9.0/STM32CubeIDE/plugins/com.st.stm32cube.ide.mcu.externaltools.gnu-tools-for-stm32.11.3.rel1.win32_1.1.1.202309131626/tools/bin/../lib/gcc/arm-none-eabi/11.3.1/../../../../arm-none-eabi/lib/thumb/v7e-m+fp/hard\libc_nano.a(libc_a-nano-vfprintf_i.o)
                0x00000000080068a0                _printf_i
 .text.__sflush_r
                0x0000000008006ae4      0x10c C:/ST/STM32CubeIDE_1.9.0/STM32CubeIDE/plugins/com.st.stm32cube.ide.mcu.externaltools.gnu-tools-for-stm32.11.3.rel1.win32_1.1.1.202309131626/tools/bin/../lib/gcc/arm-none-eabi/11.3.1/../../../../arm-none-eabi/lib/thumb/v7e-m+fp/hard\libc_nano.a(libc_a-fflush.o)
                0x0000000008006ae4                __sflush_r
 .text._fflush_r
                0x0000000008006bf0       0x50 C:/ST/STM32CubeIDE_1.9.0/STM32CubeIDE/plugins/com.st.stm32cube.ide.mcu.externaltools.gnu-tools-for-stm32.11.3.rel1.win32_1.1.1.202309131626/tools/bin/../lib/gcc/arm-none-eabi/11.3.1/../../../../arm-none-eabi/lib/thumb/v7e-m+fp/hard\libc_nano.a(libc_a-fflush.o)
                0x0000000008006bf0                _fflush_r
 .text.__swhatbuf_r
                0x0000000008006c40       0x4c C:/ST/STM32CubeIDE_1.9.0/STM32CubeIDE/plugins/com.st.stm32cube.ide.mcu.externaltools.gnu-tools-for-stm32.11.3.rel1.win32_1.1.1.202309131626/tools/bin/../lib/gcc/arm-none-eabi/11.3.1/../../../../arm-none-eabi/lib/thumb/v7e-m+fp/hard\libc_nano.a(libc_a-makebuf.o)
                0x0000000008006c40                __swhatbuf_r
 .text.__smakebuf_r
                0x0000000008006c8c       0x78 C:/ST/STM32CubeIDE_1.9.0/STM32CubeIDE/plugins/com.st.stm32cube.ide.mcu.externaltools.gnu-tools-for-stm32.11.3.rel1.win32_1.1.1.202309131626/tools/bin/../lib/gcc/arm-none-eabi/11.3.1/../../../../arm-none-eabi/lib/thumb/v7e-m+fp/hard\libc_nano.a(libc_a-makebuf.o)
                0x0000000008006c8c                __smakebuf_r
 .text._fstat_r
                0x0000000008006d04       0x24 C:/ST/STM32CubeIDE_1.9.0/STM32CubeIDE/plugins/com.st.stm32cube.ide.mcu.externaltools.gnu-tools-for-stm32.11.3.rel1.win32_1.1.1.202309131626/tools/bin/../lib/gcc/arm-none-eabi/11.3.1/../../../../arm-none-eabi/lib/thumb/v7e-m+fp/hard\libc_nano.a(libc_a-fstatr.o)
                0x0000000008006d04                _fstat_r
 .text._isatty_r
                0x0000000008006d28       0x20 C:/ST/STM32CubeIDE_1.9.0/STM32CubeIDE/plugins/com.st.stm32cube.ide.mcu.externaltools.gnu-tools-for-stm32.11.3.rel1.win32_1.1.1.202309131626/tools/bin/../lib/gcc/arm-none-eabi/11.3.1/../../../../arm-none-eabi/lib/thumb/v7e-m+fp/hard\libc_nano.a(libc_a-isattyr.o)
                0x0000000008006d28                _isatty_r
 .text.expf     0x0000000008006d48       0x6c C:/ST/STM32CubeIDE_1.9.0/STM32CubeIDE/plugins/com.st.stm32cube.ide.mcu.externaltools.gnu-tools-for-stm32.11.3.rel1.win32_1.1.1.202309131626/tools/bin/../lib/gcc/arm-none-eabi/11.3.1/../../../../arm-none-eabi/lib/thumb/v7e-m+fp/hard\libm.a(libm_a-wf_exp.o)
                0x0000000008006d48                expf
 .text.fabsf    0x0000000008006db4        0xe C:/ST/STM32CubeIDE_1.9.0/STM32CubeIDE/plugins/com.st.stm32cube.ide.mcu.externaltools.gnu-tools-for-stm32.11.3.rel1.win32_1.1.1.202309131626/tools/bin/../lib/gcc/arm-none-eabi/11.3.1/../../../../arm-none-eabi/lib/thumb/v7e-m+fp/hard\libm.a(libm_a-sf_fabs.o)
                0x0000000008006db4                fabsf
 *fill*         0x0000000008006dc2        0x2 
 .text.tanhf    0x0000000008006dc4       0xd0 C:/ST/STM32CubeIDE_1.9.0/STM32CubeIDE/plugins/com.st.stm32cube.ide.mcu.externaltools.gnu-tools-for-stm32.11.3.rel1.win32_1.1.1.202309131626/tools/bin/../lib/gcc/arm-none-eabi/11.3.1/../../../../arm-none-eabi/lib/thumb/v7e-m+fp/hard\libm.a(libm_a-sf_tanh.o)
                0x0000000008006dc4                tanhf
 .text.finitef  0x0000000008006e94       0x1a C:/ST/STM32CubeIDE_1.9.0/STM32CubeIDE/plugins/com.st.stm32cube.ide.mcu.externaltools.gnu-tools-for-stm32.11.3.rel1.win32_1.1.1.202309131626/tools/bin/../lib/gcc/arm-none-eabi/11.3.1/../../../../arm-none-eabi/lib/thumb/v7e-m+fp/hard\libm.a(libm_a-sf_finite.o)
                0x0000000008006e94                finitef
 *fill*         0x0000000008006eae        0x2 
 .text.expm1f   0x0000000008006eb0      0x23c C:/ST/STM32CubeIDE_1.9.0/STM32CubeIDE/plugins/com.st.stm32cube.ide.mcu.externaltools.gnu-tools-for-stm32.11.3.rel1.win32_1.1.1.202309131626/tools/bin/../lib/gcc/arm-none-eabi/11.3.1/../../../../arm-none-eabi/lib/thumb/v7e-m+fp/hard\libm.a(libm_a-sf_expm1.o)
                0x0000000008006eb0                expm1f
 .text.with_errnof
                0x00000000080070ec       0x16 C:/ST/STM32CubeIDE_1.9.0/STM32CubeIDE/plugins/com.st.stm32cube.ide.mcu.externaltools.gnu-tools-for-stm32.11.3.rel1.win32_1.1.1.202309131626/tools/bin/../lib/gcc/arm-none-eabi/11.3.1/../../../../arm-none-eabi/lib/thumb/v7e-m+fp/hard\libm.a(libm_a-math_errf.o)
 .text.xflowf   0x0000000008007102       0x16 C:/ST/STM32CubeIDE_1.9.0/STM32CubeIDE/plugins/com.st.stm32cube.ide.mcu.externaltools.gnu-tools-for-stm32.11.3.rel1.win32_1.1.1.202309131626/tools/bin/../lib/gcc/arm-none-eabi/11.3.1/../../../../arm-none-eabi/lib/thumb/v7e-m+fp/hard\libm.a(libm_a-math_errf.o)
 .text.__math_uflowf
                0x0000000008007118        0xc C:/ST/STM32CubeIDE_1.9.0/STM32CubeIDE/plugins/com.st.stm32cube.ide.mcu.externaltools.gnu-tools-for-stm32.11.3.rel1.win32_1.1.1.202309131626/tools/bin/../lib/gcc/arm-none-eabi/11.3.1/../../../../arm-none-eabi/lib/thumb/v7e-m+fp/hard\libm.a(libm_a-math_errf.o)
                0x0000000008007118                __math_uflowf
 .text.__math_oflowf
                0x0000000008007124        0xc C:/ST/STM32CubeIDE_1.9.0/STM32CubeIDE/plugins/com.st.stm32cube.ide.mcu.externaltools.gnu-tools-for-stm32.11.3.rel1.win32_1.1.1.202309131626/tools/bin/../lib/gcc/arm-none-eabi/11.3.1/../../../../arm-none-eabi/lib/thumb/v7e-m+fp/hard\libm.a(libm_a-math_errf.o)
                0x0000000008007124                __math_oflowf
 .text.__ieee754_expf
                0x0000000008007130      0x19c C:/ST/STM32CubeIDE_1.9.0/STM32CubeIDE/plugins/com.st.stm32cube.ide.mcu.externaltools.gnu-tools-for-stm32.11.3.rel1.win32_1.1.1.202309131626/tools/bin/../lib/gcc/arm-none-eabi/11.3.1/../../../../arm-none-eabi/lib/thumb/v7e-m+fp/hard\libm.a(libm_a-ef_exp.o)
                0x0000000008007130                __ieee754_expf
 .text._close   0x00000000080072cc       0x10 C:/ST/STM32CubeIDE_1.9.0/STM32CubeIDE/plugins/com.st.stm32cube.ide.mcu.externaltools.gnu-tools-for-stm32.11.3.rel1.win32_1.1.1.202309131626/tools/bin/../lib/gcc/arm-none-eabi/11.3.1/../../../../arm-none-eabi/lib/thumb/v7e-m+fp/hard\libnosys.a(close.o)
                0x00000000080072cc                _close
 .text._fstat   0x00000000080072dc       0x10 C:/ST/STM32CubeIDE_1.9.0/STM32CubeIDE/plugins/com.st.stm32cube.ide.mcu.externaltools.gnu-tools-for-stm32.11.3.rel1.win32_1.1.1.202309131626/tools/bin/../lib/gcc/arm-none-eabi/11.3.1/../../../../arm-none-eabi/lib/thumb/v7e-m+fp/hard\libnosys.a(fstat.o)
                0x00000000080072dc                _fstat
 .text._isatty  0x00000000080072ec       0x10 C:/ST/STM32CubeIDE_1.9.0/STM32CubeIDE/plugins/com.st.stm32cube.ide.mcu.externaltools.gnu-tools-for-stm32.11.3.rel1.win32_1.1.1.202309131626/tools/bin/../lib/gcc/arm-none-eabi/11.3.1/../../../../arm-none-eabi/lib/thumb/v7e-m+fp/hard\libnosys.a(isatty.o)
                0x00000000080072ec                _isatty
 .text._lseek   0x00000000080072fc       0x10 C:/ST/STM32CubeIDE_1.9.0/STM32CubeIDE/plugins/com.st.stm32cube.ide.mcu.externaltools.gnu-tools-for-stm32.11.3.rel1.win32_1.1.1.202309131626/tools/bin/../lib/gcc/arm-none-eabi/11.3.1/../../../../arm-none-eabi/lib/thumb/v7e-m+fp/hard\libnosys.a(lseek.o)
                0x00000000080072fc                _lseek
 .text._read    0x000000000800730c       0x10 C:/ST/STM32CubeIDE_1.9.0/STM32CubeIDE/plugins/com.st.stm32cube.ide.mcu.externaltools.gnu-tools-for-stm32.11.3.rel1.win32_1.1.1.202309131626/tools/bin/../lib/gcc/arm-none-eabi/11.3.1/../../../../arm-none-eabi/lib/thumb/v7e-m+fp/hard\libnosys.a(read.o)
                0x000000000800730c                _read
 .text._write   0x000000000800731c       0x10 C:/ST/STM32CubeIDE_1.9.0/STM32CubeIDE/plugins/com.st.stm32cube.ide.mcu.externaltools.gnu-tools-for-stm32.11.3.rel1.win32_1.1.1.202309131626/tools/bin/../lib/gcc/arm-none-eabi/11.3.1/../../../../arm-none-eabi/lib/thumb/v7e-m+fp/hard\libnosys.a(write.o)
                0x000000000800731c                _write
 *(.glue_7)
 .glue_7        0x000000000800732c        0x0 linker stubs
 *(.glue_7t)
 .glue_7t       0x000000000800732c        0x0 linker stubs
 *(.eh_frame)
 .eh_frame      0x000000000800732c        0x0 C:/ST/STM32CubeIDE_1.9.0/STM32CubeIDE/plugins/com.st.stm32cube.ide.mcu.externaltools.gnu-tools-for-stm32.11.3.rel1.win32_1.1.1.202309131626/tools/bin/../lib/gcc/arm-none-eabi/11.3.1/thumb/v7e-m+fp/hard/crtbegin.o
 *(.init)
 .init          0x000000000800732c        0x4 C:/ST/STM32CubeIDE_1.9.0/STM32CubeIDE/plugins/com.st.stm32cube.ide.mcu.externaltools.gnu-tools-for-stm32.11.3.rel1.win32_1.1.1.202309131626/tools/bin/../lib/gcc/arm-none-eabi/11.3.1/thumb/v7e-m+fp/hard/crti.o
                0x000000000800732c                _init
 .init          0x0000000008007330        0x8 C:/ST/STM32CubeIDE_1.9.0/STM32CubeIDE/plugins/com.st.stm32cube.ide.mcu.externaltools.gnu-tools-for-stm32.11.3.rel1.win32_1.1.1.202309131626/tools/bin/../lib/gcc/arm-none-eabi/11.3.1/thumb/v7e-m+fp/hard/crtn.o
 *(.fini)
 .fini          0x0000000008007338        0x4 C:/ST/STM32CubeIDE_1.9.0/STM32CubeIDE/plugins/com.st.stm32cube.ide.mcu.externaltools.gnu-tools-for-stm32.11.3.rel1.win32_1.1.1.202309131626/tools/bin/../lib/gcc/arm-none-eabi/11.3.1/thumb/v7e-m+fp/hard/crti.o
                0x0000000008007338                _fini
 .fini          0x000000000800733c        0x8 C:/ST/STM32CubeIDE_1.9.0/STM32CubeIDE/plugins/com.st.stm32cube.ide.mcu.externaltools.gnu-tools-for-stm32.11.3.rel1.win32_1.1.1.202309131626/tools/bin/../lib/gcc/arm-none-eabi/11.3.1/thumb/v7e-m+fp/hard/crtn.o
                0x0000000008007344                . = ALIGN (0x4)
                0x0000000008007344                _etext = .

.vfp11_veneer   0x0000000008007344        0x0
 .vfp11_veneer  0x0000000008007344        0x0 linker stubs

.v4_bx          0x0000000008007344        0x0
 .v4_bx         0x0000000008007344        0x0 linker stubs

.iplt           0x0000000008007344        0x0
 .iplt          0x0000000008007344        0x0 C:/ST/STM32CubeIDE_1.9.0/STM32CubeIDE/plugins/com.st.stm32cube.ide.mcu.externaltools.gnu-tools-for-stm32.11.3.rel1.win32_1.1.1.202309131626/tools/bin/../lib/gcc/arm-none-eabi/11.3.1/thumb/v7e-m+fp/hard/crtbegin.o

.rodata         0x0000000008007360     0xabbc
                0x0000000008007360                . = ALIGN (0x4)
 *(.rodata)
 .rodata        0x0000000008007360       0x10 ./X-CUBE-AI/App/wine_quality_data.o
 *(.rodata*)
 .rodata.AHBPrescTable
                0x0000000008007370       0x10 ./Core/Src/system_stm32l4xx.o
                0x0000000008007370                AHBPrescTable
 .rodata.APBPrescTable
                0x0000000008007380        0x8 ./Core/Src/system_stm32l4xx.o
                0x0000000008007380                APBPrescTable
 .rodata.MSIRangeTable
                0x0000000008007388       0x30 ./Core/Src/system_stm32l4xx.o
                0x0000000008007388                MSIRangeTable
 .rodata.CSWTCH.60
                0x00000000080073b8        0x3 ./Drivers/STM32L4xx_HAL_Driver/Src/stm32l4xx_hal_uart.o
 .rodata.CSWTCH.61
                0x00000000080073bb        0xd ./Drivers/STM32L4xx_HAL_Driver/Src/stm32l4xx_hal_uart.o
 .rodata.UARTPrescTable
                0x00000000080073c8       0x18 ./Drivers/STM32L4xx_HAL_Driver/Src/stm32l4xx_hal_uart.o
                0x00000000080073c8                UARTPrescTable
 .rodata.denominator.0
                0x00000000080073e0        0x8 ./Drivers/STM32L4xx_HAL_Driver/Src/stm32l4xx_hal_uart_ex.o
 .rodata.numerator.1
                0x00000000080073e8        0x8 ./Drivers/STM32L4xx_HAL_Driver/Src/stm32l4xx_hal_uart_ex.o
 .rodata.MX_X_CUBE_AI_Init.str1.1
                0x00000000080073f0       0x6f ./X-CUBE-AI/App/app_x-cube-ai.o
 .rodata.MX_X_CUBE_AI_Process.str1.1
                0x000000000800745f       0x43 ./X-CUBE-AI/App/app_x-cube-ai.o
 *fill*         0x00000000080074a2        0x2 
 .rodata.dense_4_chain
                0x00000000080074a4        0x8 ./X-CUBE-AI/App/wine_quality.o
 .rodata.dense_4_dense_chain
                0x00000000080074ac        0x8 ./X-CUBE-AI/App/wine_quality.o
 .rodata.dense_5_chain
                0x00000000080074b4        0x8 ./X-CUBE-AI/App/wine_quality.o
 .rodata.dense_5_dense_chain
                0x00000000080074bc        0x8 ./X-CUBE-AI/App/wine_quality.o
 .rodata.dense_6_chain
                0x00000000080074c4        0x8 ./X-CUBE-AI/App/wine_quality.o
 .rodata.dense_6_dense_chain
                0x00000000080074cc        0x8 ./X-CUBE-AI/App/wine_quality.o
 .rodata.dense_7_chain
                0x00000000080074d4        0x8 ./X-CUBE-AI/App/wine_quality.o
 .rodata.dense_7_dense_chain
                0x00000000080074dc        0x8 ./X-CUBE-AI/App/wine_quality.o
 *fill*         0x00000000080074e4       0x1c 
 .rodata.s_wine_quality_weights_array_u64
                0x0000000008007500     0xa9d0 ./X-CUBE-AI/App/wine_quality_data_params.o
                0x0000000008007500                s_wine_quality_weights_array_u64
 .rodata._vfprintf_r.str1.1
                0x0000000008011ed0       0x11 C:/ST/STM32CubeIDE_1.9.0/STM32CubeIDE/plugins/com.st.stm32cube.ide.mcu.externaltools.gnu-tools-for-stm32.11.3.rel1.win32_1.1.1.202309131626/tools/bin/../lib/gcc/arm-none-eabi/11.3.1/../../../../arm-none-eabi/lib/thumb/v7e-m+fp/hard\libc_nano.a(libc_a-nano-vfprintf.o)
 .rodata._printf_i.str1.1
                0x0000000008011ee1       0x22 C:/ST/STM32CubeIDE_1.9.0/STM32CubeIDE/plugins/com.st.stm32cube.ide.mcu.externaltools.gnu-tools-for-stm32.11.3.rel1.win32_1.1.1.202309131626/tools/bin/../lib/gcc/arm-none-eabi/11.3.1/../../../../arm-none-eabi/lib/thumb/v7e-m+fp/hard\libc_nano.a(libc_a-nano-vfprintf_i.o)
 *fill*         0x0000000008011f03        0x1 
 .rodata.halF   0x0000000008011f04        0x8 C:/ST/STM32CubeIDE_1.9.0/STM32CubeIDE/plugins/com.st.stm32cube.ide.mcu.externaltools.gnu-tools-for-stm32.11.3.rel1.win32_1.1.1.202309131626/tools/bin/../lib/gcc/arm-none-eabi/11.3.1/../../../../arm-none-eabi/lib/thumb/v7e-m+fp/hard\libm.a(libm_a-ef_exp.o)
 .rodata.ln2HI  0x0000000008011f0c        0x8 C:/ST/STM32CubeIDE_1.9.0/STM32CubeIDE/plugins/com.st.stm32cube.ide.mcu.externaltools.gnu-tools-for-stm32.11.3.rel1.win32_1.1.1.202309131626/tools/bin/../lib/gcc/arm-none-eabi/11.3.1/../../../../arm-none-eabi/lib/thumb/v7e-m+fp/hard\libm.a(libm_a-ef_exp.o)
 .rodata.ln2LO  0x0000000008011f14        0x8 C:/ST/STM32CubeIDE_1.9.0/STM32CubeIDE/plugins/com.st.stm32cube.ide.mcu.externaltools.gnu-tools-for-stm32.11.3.rel1.win32_1.1.1.202309131626/tools/bin/../lib/gcc/arm-none-eabi/11.3.1/../../../../arm-none-eabi/lib/thumb/v7e-m+fp/hard\libm.a(libm_a-ef_exp.o)
                0x0000000008011f1c                . = ALIGN (0x4)

.ARM.extab      0x0000000008011f1c        0x0
                0x0000000008011f1c                . = ALIGN (0x4)
 *(.ARM.extab* .gnu.linkonce.armextab.*)
                0x0000000008011f1c                . = ALIGN (0x4)

.ARM            0x0000000008011f1c        0x8
                0x0000000008011f1c                . = ALIGN (0x4)
                0x0000000008011f1c                __exidx_start = .
 *(.ARM.exidx*)
 .ARM.exidx     0x0000000008011f1c        0x8 C:/ST/STM32CubeIDE_1.9.0/STM32CubeIDE/plugins/com.st.stm32cube.ide.mcu.externaltools.gnu-tools-for-stm32.11.3.rel1.win32_1.1.1.202309131626/tools/bin/../lib/gcc/arm-none-eabi/11.3.1/thumb/v7e-m+fp/hard\libgcc.a(_udivmoddi4.o)
                0x0000000008011f24                __exidx_end = .
                0x0000000008011f24                . = ALIGN (0x4)

.rel.dyn        0x0000000008011f24        0x0
 .rel.iplt      0x0000000008011f24        0x0 C:/ST/STM32CubeIDE_1.9.0/STM32CubeIDE/plugins/com.st.stm32cube.ide.mcu.externaltools.gnu-tools-for-stm32.11.3.rel1.win32_1.1.1.202309131626/tools/bin/../lib/gcc/arm-none-eabi/11.3.1/thumb/v7e-m+fp/hard/crtbegin.o

.preinit_array  0x0000000008011f24        0x0
                0x0000000008011f24                . = ALIGN (0x4)
                0x0000000008011f24                PROVIDE (__preinit_array_start = .)
 *(.preinit_array*)
                0x0000000008011f24                PROVIDE (__preinit_array_end = .)
                0x0000000008011f24                . = ALIGN (0x4)

.init_array     0x0000000008011f24        0x4
                0x0000000008011f24                . = ALIGN (0x4)
                0x0000000008011f24                PROVIDE (__init_array_start = .)
 *(SORT_BY_NAME(.init_array.*))
 *(.init_array*)
 .init_array    0x0000000008011f24        0x4 C:/ST/STM32CubeIDE_1.9.0/STM32CubeIDE/plugins/com.st.stm32cube.ide.mcu.externaltools.gnu-tools-for-stm32.11.3.rel1.win32_1.1.1.202309131626/tools/bin/../lib/gcc/arm-none-eabi/11.3.1/thumb/v7e-m+fp/hard/crtbegin.o
                0x0000000008011f28                PROVIDE (__init_array_end = .)
                0x0000000008011f28                . = ALIGN (0x4)

.fini_array     0x0000000008011f28        0x4
                0x0000000008011f28                . = ALIGN (0x4)
                [!provide]                        PROVIDE (__fini_array_start = .)
 *(SORT_BY_NAME(.fini_array.*))
 *(.fini_array*)
 .fini_array    0x0000000008011f28        0x4 C:/ST/STM32CubeIDE_1.9.0/STM32CubeIDE/plugins/com.st.stm32cube.ide.mcu.externaltools.gnu-tools-for-stm32.11.3.rel1.win32_1.1.1.202309131626/tools/bin/../lib/gcc/arm-none-eabi/11.3.1/thumb/v7e-m+fp/hard/crtbegin.o
                [!provide]                        PROVIDE (__fini_array_end = .)
                0x0000000008011f2c                . = ALIGN (0x4)
                0x0000000008011f2c                _sidata = LOADADDR (.data)

.data           0x0000000020000000      0x988 load address 0x0000000008011f2c
                0x0000000020000000                . = ALIGN (0x4)
                0x0000000020000000                _sdata = .
 *(.data)
 *(.data*)
 .data.SystemCoreClock
                0x0000000020000000        0x4 ./Core/Src/system_stm32l4xx.o
                0x0000000020000000                SystemCoreClock
 .data.uwTickFreq
                0x0000000020000004        0x1 ./Drivers/STM32L4xx_HAL_Driver/Src/stm32l4xx_hal.o
                0x0000000020000004                uwTickFreq
 *fill*         0x0000000020000005        0x3 
 .data.uwTickPrio
                0x0000000020000008        0x4 ./Drivers/STM32L4xx_HAL_Driver/Src/stm32l4xx_hal.o
                0x0000000020000008                uwTickPrio
 .data.data_activations0
                0x000000002000000c        0x4 ./X-CUBE-AI/App/app_x-cube-ai.o
                0x000000002000000c                data_activations0
 .data.__compound_literal.0
                0x0000000020000010       0x10 ./X-CUBE-AI/App/wine_quality.o
 .data.__compound_literal.1
                0x0000000020000020       0x10 ./X-CUBE-AI/App/wine_quality.o
 .data.__compound_literal.10
                0x0000000020000030       0x10 ./X-CUBE-AI/App/wine_quality.o
 .data.__compound_literal.11
                0x0000000020000040       0x10 ./X-CUBE-AI/App/wine_quality.o
 .data.__compound_literal.12
                0x0000000020000050       0x10 ./X-CUBE-AI/App/wine_quality.o
 .data.__compound_literal.13
                0x0000000020000060       0x10 ./X-CUBE-AI/App/wine_quality.o
 .data.__compound_literal.14
                0x0000000020000070       0x10 ./X-CUBE-AI/App/wine_quality.o
 .data.__compound_literal.15
                0x0000000020000080       0x10 ./X-CUBE-AI/App/wine_quality.o
 .data.__compound_literal.16
                0x0000000020000090       0x10 ./X-CUBE-AI/App/wine_quality.o
 .data.__compound_literal.17
                0x00000000200000a0       0x10 ./X-CUBE-AI/App/wine_quality.o
 .data.__compound_literal.18
                0x00000000200000b0       0x10 ./X-CUBE-AI/App/wine_quality.o
 .data.__compound_literal.19
                0x00000000200000c0       0x10 ./X-CUBE-AI/App/wine_quality.o
 .data.__compound_literal.2
                0x00000000200000d0       0x10 ./X-CUBE-AI/App/wine_quality.o
 .data.__compound_literal.20
                0x00000000200000e0       0x10 ./X-CUBE-AI/App/wine_quality.o
 .data.__compound_literal.21
                0x00000000200000f0       0x10 ./X-CUBE-AI/App/wine_quality.o
 .data.__compound_literal.22
                0x0000000020000100       0x10 ./X-CUBE-AI/App/wine_quality.o
 .data.__compound_literal.23
                0x0000000020000110       0x10 ./X-CUBE-AI/App/wine_quality.o
 .data.__compound_literal.24
                0x0000000020000120       0x10 ./X-CUBE-AI/App/wine_quality.o
 .data.__compound_literal.25
                0x0000000020000130       0x10 ./X-CUBE-AI/App/wine_quality.o
 .data.__compound_literal.26
                0x0000000020000140       0x10 ./X-CUBE-AI/App/wine_quality.o
 .data.__compound_literal.27
                0x0000000020000150       0x10 ./X-CUBE-AI/App/wine_quality.o
 .data.__compound_literal.28
                0x0000000020000160       0x10 ./X-CUBE-AI/App/wine_quality.o
 .data.__compound_literal.29
                0x0000000020000170       0x10 ./X-CUBE-AI/App/wine_quality.o
 .data.__compound_literal.3
                0x0000000020000180       0x10 ./X-CUBE-AI/App/wine_quality.o
 .data.__compound_literal.30
                0x0000000020000190       0x10 ./X-CUBE-AI/App/wine_quality.o
 .data.__compound_literal.31
                0x00000000200001a0       0x10 ./X-CUBE-AI/App/wine_quality.o
 .data.__compound_literal.32
                0x00000000200001b0       0x10 ./X-CUBE-AI/App/wine_quality.o
 .data.__compound_literal.33
                0x00000000200001c0       0x10 ./X-CUBE-AI/App/wine_quality.o
 .data.__compound_literal.34
                0x00000000200001d0        0x4 ./X-CUBE-AI/App/wine_quality.o
 .data.__compound_literal.35
                0x00000000200001d4        0x4 ./X-CUBE-AI/App/wine_quality.o
 .data.__compound_literal.38
                0x00000000200001d8       0x30 ./X-CUBE-AI/App/wine_quality.o
 .data.__compound_literal.39
                0x0000000020000208        0x4 ./X-CUBE-AI/App/wine_quality.o
 .data.__compound_literal.4
                0x000000002000020c       0x10 ./X-CUBE-AI/App/wine_quality.o
 .data.__compound_literal.40
                0x000000002000021c        0x4 ./X-CUBE-AI/App/wine_quality.o
 .data.__compound_literal.41
                0x0000000020000220        0x8 ./X-CUBE-AI/App/wine_quality.o
 .data.__compound_literal.43
                0x0000000020000228       0x30 ./X-CUBE-AI/App/wine_quality.o
 .data.__compound_literal.44
                0x0000000020000258        0x4 ./X-CUBE-AI/App/wine_quality.o
 .data.__compound_literal.45
                0x000000002000025c        0x4 ./X-CUBE-AI/App/wine_quality.o
 .data.__compound_literal.48
                0x0000000020000260       0x30 ./X-CUBE-AI/App/wine_quality.o
 .data.__compound_literal.49
                0x0000000020000290        0x4 ./X-CUBE-AI/App/wine_quality.o
 .data.__compound_literal.5
                0x0000000020000294       0x10 ./X-CUBE-AI/App/wine_quality.o
 .data.__compound_literal.50
                0x00000000200002a4        0x4 ./X-CUBE-AI/App/wine_quality.o
 .data.__compound_literal.51
                0x00000000200002a8        0x8 ./X-CUBE-AI/App/wine_quality.o
 .data.__compound_literal.53
                0x00000000200002b0       0x30 ./X-CUBE-AI/App/wine_quality.o
 .data.__compound_literal.54
                0x00000000200002e0        0x4 ./X-CUBE-AI/App/wine_quality.o
 .data.__compound_literal.55
                0x00000000200002e4        0x4 ./X-CUBE-AI/App/wine_quality.o
 .data.__compound_literal.58
                0x00000000200002e8       0x30 ./X-CUBE-AI/App/wine_quality.o
 .data.__compound_literal.59
                0x0000000020000318        0x4 ./X-CUBE-AI/App/wine_quality.o
 .data.__compound_literal.6
                0x000000002000031c       0x10 ./X-CUBE-AI/App/wine_quality.o
 .data.__compound_literal.60
                0x000000002000032c        0x4 ./X-CUBE-AI/App/wine_quality.o
 .data.__compound_literal.61
                0x0000000020000330        0x8 ./X-CUBE-AI/App/wine_quality.o
 .data.__compound_literal.63
                0x0000000020000338       0x30 ./X-CUBE-AI/App/wine_quality.o
 .data.__compound_literal.64
                0x0000000020000368        0x4 ./X-CUBE-AI/App/wine_quality.o
 .data.__compound_literal.65
                0x000000002000036c        0x4 ./X-CUBE-AI/App/wine_quality.o
 .data.__compound_literal.68
                0x0000000020000370       0x30 ./X-CUBE-AI/App/wine_quality.o
 .data.__compound_literal.69
                0x00000000200003a0        0x4 ./X-CUBE-AI/App/wine_quality.o
 .data.__compound_literal.7
                0x00000000200003a4       0x10 ./X-CUBE-AI/App/wine_quality.o
 .data.__compound_literal.70
                0x00000000200003b4        0x4 ./X-CUBE-AI/App/wine_quality.o
 .data.__compound_literal.71
                0x00000000200003b8        0x8 ./X-CUBE-AI/App/wine_quality.o
 .data.__compound_literal.73
                0x00000000200003c0       0x30 ./X-CUBE-AI/App/wine_quality.o
 .data.__compound_literal.74
                0x00000000200003f0       0x10 ./X-CUBE-AI/App/wine_quality.o
 .data.__compound_literal.75
                0x0000000020000400       0x1c ./X-CUBE-AI/App/wine_quality.o
 .data.__compound_literal.76
                0x000000002000041c       0x10 ./X-CUBE-AI/App/wine_quality.o
 .data.__compound_literal.77
                0x000000002000042c       0x1c ./X-CUBE-AI/App/wine_quality.o
 .data.__compound_literal.78
                0x0000000020000448        0x4 ./X-CUBE-AI/App/wine_quality.o
 .data.__compound_literal.8
                0x000000002000044c       0x10 ./X-CUBE-AI/App/wine_quality.o
 .data.__compound_literal.82
                0x000000002000045c        0xc ./X-CUBE-AI/App/wine_quality.o
 .data.__compound_literal.83
                0x0000000020000468        0x4 ./X-CUBE-AI/App/wine_quality.o
 .data.__compound_literal.87
                0x000000002000046c        0xc ./X-CUBE-AI/App/wine_quality.o
 .data.__compound_literal.88
                0x0000000020000478       0x18 ./X-CUBE-AI/App/wine_quality.o
 .data.__compound_literal.9
                0x0000000020000490       0x10 ./X-CUBE-AI/App/wine_quality.o
 .data.dense_4_dense_bias
                0x00000000200004a0       0x1c ./X-CUBE-AI/App/wine_quality.o
 .data.dense_4_dense_bias_array
                0x00000000200004bc       0x10 ./X-CUBE-AI/App/wine_quality.o
 .data.dense_4_dense_layer
                0x00000000200004cc       0x1c ./X-CUBE-AI/App/wine_quality.o
 .data.dense_4_dense_output
                0x00000000200004e8       0x1c ./X-CUBE-AI/App/wine_quality.o
 .data.dense_4_dense_output_array
                0x0000000020000504       0x10 ./X-CUBE-AI/App/wine_quality.o
 .data.dense_4_dense_weights
                0x0000000020000514       0x1c ./X-CUBE-AI/App/wine_quality.o
 .data.dense_4_dense_weights_array
                0x0000000020000530       0x10 ./X-CUBE-AI/App/wine_quality.o
 .data.dense_4_layer
                0x0000000020000540       0x20 ./X-CUBE-AI/App/wine_quality.o
 .data.dense_4_output
                0x0000000020000560       0x1c ./X-CUBE-AI/App/wine_quality.o
 .data.dense_4_output_array
                0x000000002000057c       0x10 ./X-CUBE-AI/App/wine_quality.o
 .data.dense_5_dense_bias
                0x000000002000058c       0x1c ./X-CUBE-AI/App/wine_quality.o
 .data.dense_5_dense_bias_array
                0x00000000200005a8       0x10 ./X-CUBE-AI/App/wine_quality.o
 .data.dense_5_dense_layer
                0x00000000200005b8       0x1c ./X-CUBE-AI/App/wine_quality.o
 .data.dense_5_dense_output
                0x00000000200005d4       0x1c ./X-CUBE-AI/App/wine_quality.o
 .data.dense_5_dense_output_array
                0x00000000200005f0       0x10 ./X-CUBE-AI/App/wine_quality.o
 .data.dense_5_dense_weights
                0x0000000020000600       0x1c ./X-CUBE-AI/App/wine_quality.o
 .data.dense_5_dense_weights_array
                0x000000002000061c       0x10 ./X-CUBE-AI/App/wine_quality.o
 .data.dense_5_layer
                0x000000002000062c       0x20 ./X-CUBE-AI/App/wine_quality.o
 .data.dense_5_output
                0x000000002000064c       0x1c ./X-CUBE-AI/App/wine_quality.o
 .data.dense_5_output_array
                0x0000000020000668       0x10 ./X-CUBE-AI/App/wine_quality.o
 .data.dense_6_dense_bias
                0x0000000020000678       0x1c ./X-CUBE-AI/App/wine_quality.o
 .data.dense_6_dense_bias_array
                0x0000000020000694       0x10 ./X-CUBE-AI/App/wine_quality.o
 .data.dense_6_dense_layer
                0x00000000200006a4       0x1c ./X-CUBE-AI/App/wine_quality.o
 .data.dense_6_dense_output
                0x00000000200006c0       0x1c ./X-CUBE-AI/App/wine_quality.o
 .data.dense_6_dense_output_array
                0x00000000200006dc       0x10 ./X-CUBE-AI/App/wine_quality.o
 .data.dense_6_dense_weights
                0x00000000200006ec       0x1c ./X-CUBE-AI/App/wine_quality.o
 .data.dense_6_dense_weights_array
                0x0000000020000708       0x10 ./X-CUBE-AI/App/wine_quality.o
 .data.dense_6_layer
                0x0000000020000718       0x20 ./X-CUBE-AI/App/wine_quality.o
 .data.dense_6_output
                0x0000000020000738       0x1c ./X-CUBE-AI/App/wine_quality.o
 .data.dense_6_output_array
                0x0000000020000754       0x10 ./X-CUBE-AI/App/wine_quality.o
 .data.dense_7_dense_bias
                0x0000000020000764       0x1c ./X-CUBE-AI/App/wine_quality.o
 .data.dense_7_dense_bias_array
                0x0000000020000780       0x10 ./X-CUBE-AI/App/wine_quality.o
 .data.dense_7_dense_layer
                0x0000000020000790       0x1c ./X-CUBE-AI/App/wine_quality.o
 .data.dense_7_dense_output
                0x00000000200007ac       0x1c ./X-CUBE-AI/App/wine_quality.o
 .data.dense_7_dense_output_array
                0x00000000200007c8       0x10 ./X-CUBE-AI/App/wine_quality.o
 .data.dense_7_dense_weights
                0x00000000200007d8       0x1c ./X-CUBE-AI/App/wine_quality.o
 .data.dense_7_dense_weights_array
                0x00000000200007f4       0x10 ./X-CUBE-AI/App/wine_quality.o
 .data.dense_7_layer
                0x0000000020000804       0x20 ./X-CUBE-AI/App/wine_quality.o
 .data.dense_7_output
                0x0000000020000824       0x1c ./X-CUBE-AI/App/wine_quality.o
 .data.dense_7_output_array
                0x0000000020000840       0x10 ./X-CUBE-AI/App/wine_quality.o
 .data.g_wine_quality
                0x0000000020000850       0x4c ./X-CUBE-AI/App/wine_quality.o
 .data.input_0_output
                0x000000002000089c       0x1c ./X-CUBE-AI/App/wine_quality.o
 .data.input_0_output_array
                0x00000000200008b8       0x10 ./X-CUBE-AI/App/wine_quality.o
 .data.__compound_literal.0
                0x00000000200008c8       0x10 ./X-CUBE-AI/App/wine_quality_data.o
 .data.__compound_literal.1
                0x00000000200008d8       0x10 ./X-CUBE-AI/App/wine_quality_data.o
 .data.g_wine_quality_data_map_activations
                0x00000000200008e8       0x1c ./X-CUBE-AI/App/wine_quality_data.o
                0x00000000200008e8                g_wine_quality_data_map_activations
 .data.g_wine_quality_data_map_weights
                0x0000000020000904       0x1c ./X-CUBE-AI/App/wine_quality_data.o
                0x0000000020000904                g_wine_quality_data_map_weights
 .data.__sglue  0x0000000020000920        0xc C:/ST/STM32CubeIDE_1.9.0/STM32CubeIDE/plugins/com.st.stm32cube.ide.mcu.externaltools.gnu-tools-for-stm32.11.3.rel1.win32_1.1.1.202309131626/tools/bin/../lib/gcc/arm-none-eabi/11.3.1/../../../../arm-none-eabi/lib/thumb/v7e-m+fp/hard\libc_nano.a(libc_a-findfp.o)
                0x0000000020000920                __sglue
 .data._impure_data
                0x000000002000092c       0x4c C:/ST/STM32CubeIDE_1.9.0/STM32CubeIDE/plugins/com.st.stm32cube.ide.mcu.externaltools.gnu-tools-for-stm32.11.3.rel1.win32_1.1.1.202309131626/tools/bin/../lib/gcc/arm-none-eabi/11.3.1/../../../../arm-none-eabi/lib/thumb/v7e-m+fp/hard\libc_nano.a(libc_a-impure.o)
                0x000000002000092c                _impure_data
 .data._impure_ptr
                0x0000000020000978        0x4 C:/ST/STM32CubeIDE_1.9.0/STM32CubeIDE/plugins/com.st.stm32cube.ide.mcu.externaltools.gnu-tools-for-stm32.11.3.rel1.win32_1.1.1.202309131626/tools/bin/../lib/gcc/arm-none-eabi/11.3.1/../../../../arm-none-eabi/lib/thumb/v7e-m+fp/hard\libc_nano.a(libc_a-impure.o)
                0x0000000020000978                _impure_ptr
 .data.one      0x000000002000097c        0x4 C:/ST/STM32CubeIDE_1.9.0/STM32CubeIDE/plugins/com.st.stm32cube.ide.mcu.externaltools.gnu-tools-for-stm32.11.3.rel1.win32_1.1.1.202309131626/tools/bin/../lib/gcc/arm-none-eabi/11.3.1/../../../../arm-none-eabi/lib/thumb/v7e-m+fp/hard\libm.a(libm_a-sf_tanh.o)
 .data.tiny     0x0000000020000980        0x4 C:/ST/STM32CubeIDE_1.9.0/STM32CubeIDE/plugins/com.st.stm32cube.ide.mcu.externaltools.gnu-tools-for-stm32.11.3.rel1.win32_1.1.1.202309131626/tools/bin/../lib/gcc/arm-none-eabi/11.3.1/../../../../arm-none-eabi/lib/thumb/v7e-m+fp/hard\libm.a(libm_a-sf_tanh.o)
 .data.two      0x0000000020000984        0x4 C:/ST/STM32CubeIDE_1.9.0/STM32CubeIDE/plugins/com.st.stm32cube.ide.mcu.externaltools.gnu-tools-for-stm32.11.3.rel1.win32_1.1.1.202309131626/tools/bin/../lib/gcc/arm-none-eabi/11.3.1/../../../../arm-none-eabi/lib/thumb/v7e-m+fp/hard\libm.a(libm_a-sf_tanh.o)
 *(.RamFunc)
 *(.RamFunc*)
                0x0000000020000988                . = ALIGN (0x4)
                0x0000000020000988                _edata = .

.igot.plt       0x0000000020000988        0x0 load address 0x00000000080128b4
 .igot.plt      0x0000000020000988        0x0 C:/ST/STM32CubeIDE_1.9.0/STM32CubeIDE/plugins/com.st.stm32cube.ide.mcu.externaltools.gnu-tools-for-stm32.11.3.rel1.win32_1.1.1.202309131626/tools/bin/../lib/gcc/arm-none-eabi/11.3.1/thumb/v7e-m+fp/hard/crtbegin.o
                0x0000000020000988                . = ALIGN (0x4)

.bss            0x00000000200009a0      0x800 load address 0x00000000080128b4
                0x00000000200009a0                _sbss = .
                0x00000000200009a0                __bss_start__ = _sbss
 *(.bss)
 .bss           0x00000000200009a0       0x1c C:/ST/STM32CubeIDE_1.9.0/STM32CubeIDE/plugins/com.st.stm32cube.ide.mcu.externaltools.gnu-tools-for-stm32.11.3.rel1.win32_1.1.1.202309131626/tools/bin/../lib/gcc/arm-none-eabi/11.3.1/thumb/v7e-m+fp/hard/crtbegin.o
 *(.bss*)
 .bss.hcrc      0x00000000200009bc       0x24 ./Core/Src/main.o
                0x00000000200009bc                hcrc
 .bss.hi2c1     0x00000000200009e0       0x54 ./Core/Src/main.o
                0x00000000200009e0                hi2c1
 .bss.hsai_BlockA1
                0x0000000020000a34       0x94 ./Core/Src/main.o
                0x0000000020000a34                hsai_BlockA1
 .bss.hspi2     0x0000000020000ac8       0x64 ./Core/Src/main.o
                0x0000000020000ac8                hspi2
 .bss.hsram1    0x0000000020000b2c       0x50 ./Core/Src/main.o
                0x0000000020000b2c                hsram1
 .bss.huart2    0x0000000020000b7c       0x94 ./Core/Src/main.o
                0x0000000020000b7c                huart2
 .bss.huart3    0x0000000020000c10       0x94 ./Core/Src/main.o
                0x0000000020000c10                huart3
 .bss.FMC_Initialized
                0x0000000020000ca4        0x4 ./Core/Src/stm32l4xx_hal_msp.o
 .bss.SAI1_client
                0x0000000020000ca8        0x4 ./Core/Src/stm32l4xx_hal_msp.o
 .bss.__sbrk_heap_end
                0x0000000020000cac        0x4 ./Core/Src/sysmem.o
 .bss.uwTick    0x0000000020000cb0        0x4 ./Drivers/STM32L4xx_HAL_Driver/Src/stm32l4xx_hal.o
                0x0000000020000cb0                uwTick
 .bss.ai_input  0x0000000020000cb4        0x4 ./X-CUBE-AI/App/app_x-cube-ai.o
 .bss.ai_output
                0x0000000020000cb8        0x4 ./X-CUBE-AI/App/app_x-cube-ai.o
 .bss.data_ins  0x0000000020000cbc        0x4 ./X-CUBE-AI/App/app_x-cube-ai.o
                0x0000000020000cbc                data_ins
 .bss.data_outs
                0x0000000020000cc0        0x4 ./X-CUBE-AI/App/app_x-cube-ai.o
                0x0000000020000cc0                data_outs
 *fill*         0x0000000020000cc4       0x1c 
 .bss.pool0     0x0000000020000ce0      0x2d0 ./X-CUBE-AI/App/app_x-cube-ai.o
 .bss.wine_quality
                0x0000000020000fb0        0x4 ./X-CUBE-AI/App/app_x-cube-ai.o
 .bss.__compound_literal.36
                0x0000000020000fb4        0x4 ./X-CUBE-AI/App/wine_quality.o
 .bss.__compound_literal.37
                0x0000000020000fb8        0x4 ./X-CUBE-AI/App/wine_quality.o
 .bss.__compound_literal.42
                0x0000000020000fbc        0x4 ./X-CUBE-AI/App/wine_quality.o
 .bss.__compound_literal.46
                0x0000000020000fc0        0x4 ./X-CUBE-AI/App/wine_quality.o
 .bss.__compound_literal.47
                0x0000000020000fc4        0x4 ./X-CUBE-AI/App/wine_quality.o
 .bss.__compound_literal.52
                0x0000000020000fc8        0x4 ./X-CUBE-AI/App/wine_quality.o
 .bss.__compound_literal.56
                0x0000000020000fcc        0x4 ./X-CUBE-AI/App/wine_quality.o
 .bss.__compound_literal.57
                0x0000000020000fd0        0x4 ./X-CUBE-AI/App/wine_quality.o
 .bss.__compound_literal.62
                0x0000000020000fd4        0x4 ./X-CUBE-AI/App/wine_quality.o
 .bss.__compound_literal.66
                0x0000000020000fd8        0x4 ./X-CUBE-AI/App/wine_quality.o
 .bss.__compound_literal.67
                0x0000000020000fdc        0x4 ./X-CUBE-AI/App/wine_quality.o
 .bss.__compound_literal.72
                0x0000000020000fe0        0x4 ./X-CUBE-AI/App/wine_quality.o
 .bss.__compound_literal.79
                0x0000000020000fe4       0x1c ./X-CUBE-AI/App/wine_quality.o
 .bss.__compound_literal.80
                0x0000000020001000       0x10 ./X-CUBE-AI/App/wine_quality.o
 .bss.__compound_literal.81
                0x0000000020001010        0x8 ./X-CUBE-AI/App/wine_quality.o
 .bss.__compound_literal.84
                0x0000000020001018       0x1c ./X-CUBE-AI/App/wine_quality.o
 .bss.__compound_literal.85
                0x0000000020001034       0x10 ./X-CUBE-AI/App/wine_quality.o
 .bss.__compound_literal.86
                0x0000000020001044        0x8 ./X-CUBE-AI/App/wine_quality.o
 .bss.g_wine_quality_activations_map
                0x000000002000104c        0x4 ./X-CUBE-AI/App/wine_quality.o
 .bss.g_wine_quality_weights_map
                0x0000000020001050        0x4 ./X-CUBE-AI/App/wine_quality.o
 .bss.__malloc_free_list
                0x0000000020001054        0x4 C:/ST/STM32CubeIDE_1.9.0/STM32CubeIDE/plugins/com.st.stm32cube.ide.mcu.externaltools.gnu-tools-for-stm32.11.3.rel1.win32_1.1.1.202309131626/tools/bin/../lib/gcc/arm-none-eabi/11.3.1/../../../../arm-none-eabi/lib/thumb/v7e-m+fp/hard\libc_nano.a(libc_a-mallocr.o)
                0x0000000020001054                __malloc_free_list
 .bss.__malloc_sbrk_start
                0x0000000020001058        0x4 C:/ST/STM32CubeIDE_1.9.0/STM32CubeIDE/plugins/com.st.stm32cube.ide.mcu.externaltools.gnu-tools-for-stm32.11.3.rel1.win32_1.1.1.202309131626/tools/bin/../lib/gcc/arm-none-eabi/11.3.1/../../../../arm-none-eabi/lib/thumb/v7e-m+fp/hard\libc_nano.a(libc_a-mallocr.o)
                0x0000000020001058                __malloc_sbrk_start
 .bss.__sf      0x000000002000105c      0x138 C:/ST/STM32CubeIDE_1.9.0/STM32CubeIDE/plugins/com.st.stm32cube.ide.mcu.externaltools.gnu-tools-for-stm32.11.3.rel1.win32_1.1.1.202309131626/tools/bin/../lib/gcc/arm-none-eabi/11.3.1/../../../../arm-none-eabi/lib/thumb/v7e-m+fp/hard\libc_nano.a(libc_a-findfp.o)
                0x000000002000105c                __sf
 .bss.__stdio_exit_handler
                0x0000000020001194        0x4 C:/ST/STM32CubeIDE_1.9.0/STM32CubeIDE/plugins/com.st.stm32cube.ide.mcu.externaltools.gnu-tools-for-stm32.11.3.rel1.win32_1.1.1.202309131626/tools/bin/../lib/gcc/arm-none-eabi/11.3.1/../../../../arm-none-eabi/lib/thumb/v7e-m+fp/hard\libc_nano.a(libc_a-findfp.o)
                0x0000000020001194                __stdio_exit_handler
 .bss.errno     0x0000000020001198        0x4 C:/ST/STM32CubeIDE_1.9.0/STM32CubeIDE/plugins/com.st.stm32cube.ide.mcu.externaltools.gnu-tools-for-stm32.11.3.rel1.win32_1.1.1.202309131626/tools/bin/../lib/gcc/arm-none-eabi/11.3.1/../../../../arm-none-eabi/lib/thumb/v7e-m+fp/hard\libc_nano.a(libc_a-reent.o)
                0x0000000020001198                errno
 .bss.__lock___malloc_recursive_mutex